Archive member included to satisfy reference by file (symbol)

/opt/devkitpro//libctru/lib/libctru.a(console.o)
                              main.o (consoleInit)
/opt/devkitpro//libctru/lib/libctru.a(gfx.o)
                              /opt/devkitpro//libctru/lib/libctru.a(console.o) (gfxIsWide)
/opt/devkitpro//libctru/lib/libctru.a(apt.o)
                              main.o (aptMainLoop)
/opt/devkitpro//libctru/lib/libctru.a(gspgpu.o)
                              /opt/devkitpro//libctru/lib/libctru.a(gfx.o) (gspInit)
/opt/devkitpro//libctru/lib/libctru.a(hid.o)
                              main.o (hidScanInput)
/opt/devkitpro//libctru/lib/libctru.a(irrst.o)
                              /opt/devkitpro//libctru/lib/libctru.a(hid.o) (irrstInit)
/opt/devkitpro//libctru/lib/libctru.a(soc_accept.o)
                              main.o (accept)
/opt/devkitpro//libctru/lib/libctru.a(soc_bind.o)
                              main.o (bind)
/opt/devkitpro//libctru/lib/libctru.a(soc_common.o)
                              /opt/devkitpro//libctru/lib/libctru.a(soc_accept.o) (_net_convert_error)
/opt/devkitpro//libctru/lib/libctru.a(soc_fcntl.o)
                              main.o (fcntl)
/opt/devkitpro//libctru/lib/libctru.a(soc_gethostid.o)
                              main.o (gethostid)
/opt/devkitpro//libctru/lib/libctru.a(soc_inet_ntoa.o)
                              main.o (inet_ntoa)
/opt/devkitpro//libctru/lib/libctru.a(soc_init.o)
                              main.o (socInit)
/opt/devkitpro//libctru/lib/libctru.a(soc_listen.o)
                              main.o (listen)
/opt/devkitpro//libctru/lib/libctru.a(soc_recv.o)
                              main.o (recv)
/opt/devkitpro//libctru/lib/libctru.a(soc_recvfrom.o)
                              /opt/devkitpro//libctru/lib/libctru.a(soc_init.o) (soc_recvfrom)
/opt/devkitpro//libctru/lib/libctru.a(soc_send.o)
                              main.o (send)
/opt/devkitpro//libctru/lib/libctru.a(soc_sendto.o)
                              /opt/devkitpro//libctru/lib/libctru.a(soc_init.o) (soc_sendto)
/opt/devkitpro//libctru/lib/libctru.a(soc_socket.o)
                              main.o (socket)
/opt/devkitpro//libctru/lib/libctru.a(ctru_init.o)
                              /opt/devkitpro//libctru/lib/libctru.a(apt.o) (__system_retAddr)
/opt/devkitpro//libctru/lib/libctru.a(initArgv.o)
                              /opt/devkitpro//libctru/lib/libctru.a(ctru_init.o) (__system_initArgv)
/opt/devkitpro//libctru/lib/libctru.a(syscalls.o)
                              /opt/devkitpro//libctru/lib/libctru.a(ctru_init.o) (__system_initSyscalls)
/opt/devkitpro//libctru/lib/libctru.a(svc.o)
                              /opt/devkitpro//libctru/lib/libctru.a(apt.o) (svcSleepThread)
/opt/devkitpro//libctru/lib/libctru.a(stack_adjust.o)
                              /opt/devkitpro/devkitARM/bin/../lib/gcc/arm-none-eabi/13.2.0/../../../../arm-none-eabi/lib/armv6k/fpu/3dsx_crt0.o (initSystem)
/opt/devkitpro//libctru/lib/libctru.a(default_font.bin.o)
                              /opt/devkitpro//libctru/lib/libctru.a(console.o) (default_font_bin)
/opt/devkitpro//libctru/lib/libctru.a(linear.o)
                              /opt/devkitpro//libctru/lib/libctru.a(gfx.o) (linearAlloc)
/opt/devkitpro//libctru/lib/libctru.a(mem_pool.o)
                              /opt/devkitpro//libctru/lib/libctru.a(linear.o) (MemPool::Allocate(MemChunk&, unsigned long, int))
/opt/devkitpro//libctru/lib/libctru.a(vram.o)
                              /opt/devkitpro//libctru/lib/libctru.a(gfx.o) (vramAlloc)
/opt/devkitpro//libctru/lib/libctru.a(3dslink.o)
                              /opt/devkitpro//libctru/lib/libctru.a(initArgv.o) (__3dslink_host)
/opt/devkitpro//libctru/lib/libctru.a(env.o)
                              /opt/devkitpro//libctru/lib/libctru.a(irrst.o) (envGetHandle)
/opt/devkitpro//libctru/lib/libctru.a(os.o)
                              /opt/devkitpro//libctru/lib/libctru.a(syscalls.o) (osGetTime)
/opt/devkitpro//libctru/lib/libctru.a(srv.o)
                              /opt/devkitpro//libctru/lib/libctru.a(apt.o) (srvInit)
/opt/devkitpro//libctru/lib/libctru.a(synchronization.o)
                              /opt/devkitpro//libctru/lib/libctru.a(ctru_init.o) (__sync_init)
/opt/devkitpro//libctru/lib/libctru.a(thread.o)
                              /opt/devkitpro//libctru/lib/libctru.a(apt.o) (threadCreate)
/opt/devkitpro//libctru/lib/libctru.a(mappable.o)
                              /opt/devkitpro//libctru/lib/libctru.a(apt.o) (mappableAlloc)
/opt/devkitpro//libctru/lib/libctru.a(ptmsysm.o)
                              /opt/devkitpro//libctru/lib/libctru.a(os.o) (ptmSysmInit)
/opt/devkitpro//libctru/lib/libctru.a(srvpm.o)
                              /opt/devkitpro//libctru/lib/libctru.a(srv.o) (srvPmGetSessionHandle)
/opt/devkitpro//libctru/lib/libctru.a(soc_connect.o)
                              /opt/devkitpro//libctru/lib/libctru.a(3dslink.o) (connect)
[...]
Memory Configuration

Name             Origin             Length             Attributes
*default*        0x00000000         0xffffffff

Linker script and memory map

                0x00100000                        PROVIDE (__start__ = 0x100000)
                0x00100000                        . = __start__

.text           0x00100000    0x1c918
 *(.crt0)
 .crt0          0x00100000       0x94 /opt/devkitpro/devkitARM/bin/../lib/gcc/arm-none-eabi/13.2.0/../../../../arm-none-eabi/lib/armv6k/fpu/3dsx_crt0.o
                0x00100000                _start
                0x00100008                __service_ptr
                0x0010000c                __apt_appid
                0x00100010                __heap_size
                0x00100014                __linear_heap_size
                0x00100018                __system_arglist
                0x0010001c                __system_runflags
 *(.init)
 .init          0x00100094        0xc /opt/devkitpro/devkitARM/bin/../lib/gcc/arm-none-eabi/13.2.0/armv6k/fpu/crti.o
                0x00100094                _init
 .init          0x001000a0        0xc /opt/devkitpro/devkitARM/bin/../lib/gcc/arm-none-eabi/13.2.0/armv6k/fpu/crtn.o
                0x001000ac                        . = ALIGN (0x4)
 *(.text)
 .text          0x001000ac      0x240 /opt/devkitpro/devkitARM/bin/../lib/gcc/arm-none-eabi/13.2.0/armv6k/fpu/libgcc.a(_divsi3.o)
                0x001000ac                __aeabi_idiv
                0x001000ac                __divsi3
                0x001002cc                __aeabi_idivmod
 .text          0x001002ec        0x4 /opt/devkitpro/devkitARM/bin/../lib/gcc/arm-none-eabi/13.2.0/armv6k/fpu/libgcc.a(_dvmd_tls.o)
                0x001002ec                __aeabi_ldiv0
                0x001002ec                __aeabi_idiv0
 .text          0x001002f0       0x3c /opt/devkitpro/devkitARM/bin/../lib/gcc/arm-none-eabi/13.2.0/armv6k/fpu/libgcc.a(_aeabi_uldivmod.o)
                0x001002f0                __aeabi_uldivmod
 *fill*         0x0010032c       0x14 
 .text          0x00100340      0x390 /opt/devkitpro/devkitARM/bin/../lib/gcc/arm-none-eabi/13.2.0/../../../../arm-none-eabi/lib/armv6k/fpu/libg.a(libc_a-strcmp.o)
                0x00100348                strcmp
 .text          0x001006d0      0x20c /opt/devkitpro/devkitARM/bin/../lib/gcc/arm-none-eabi/13.2.0/armv6k/fpu/libgcc.a(_udivsi3.o)
                0x001006d0                __udivsi3
                0x001006d0                __aeabi_uidiv
                0x001008bc                __aeabi_uidivmod
 *(.text.*)
 .text.__do_global_dtors_aux
                0x001008dc       0x40 /opt/devkitpro/devkitARM/bin/../lib/gcc/arm-none-eabi/13.2.0/armv6k/fpu/crtbegin.o
 .text.frame_dummy
                0x0010091c       0x2c /opt/devkitpro/devkitARM/bin/../lib/gcc/arm-none-eabi/13.2.0/armv6k/fpu/crtbegin.o
 .text.socShutdown
                0x00100948       0x18 main.o
                0x00100948                socShutdown
 .text.failExit
                0x00100960       0xac main.o
                0x00100960                failExit
 .text.startup.main
                0x00100a0c      0x3a0 main.o
                0x00100a0c                main
 .text.consoleHandleColorEsc
                0x00100dac      0x51c /opt/devkitpro//libctru/lib/libctru.a(console.o)
 .text.consoleColorStateShift
                0x001012c8       0xb8 /opt/devkitpro//libctru/lib/libctru.a(console.o)
 .text.consoleDrawChar
                0x00101380      0x1ac /opt/devkitpro//libctru/lib/libctru.a(console.o)
                0x00101380                consoleDrawChar
 .text.consolePrintChar
                0x0010152c      0x124 /opt/devkitpro//libctru/lib/libctru.a(console.o)
                0x0010152c                consolePrintChar
 .text.con_write
                0x00101650      0x6f4 /opt/devkitpro//libctru/lib/libctru.a(console.o)
                0x00101650                con_write
 .text.newRow   0x00101d44       0xfc /opt/devkitpro//libctru/lib/libctru.a(console.o)
 .text.consoleInit
                0x00101e40      0x18c /opt/devkitpro//libctru/lib/libctru.a(console.o)
                0x00101e40                consoleInit
 .text.gfxPresentFramebuffer
                0x00101fcc       0xd0 /opt/devkitpro//libctru/lib/libctru.a(gfx.o)
 .text.gfxIsWide
                0x0010209c       0x1c /opt/devkitpro//libctru/lib/libctru.a(gfx.o)
                0x0010209c                gfxIsWide
 .text.gfxSetScreenFormat
                0x001020b8       0xec /opt/devkitpro//libctru/lib/libctru.a(gfx.o)
                0x001020b8                gfxSetScreenFormat
 .text.gfxSetDoubleBuffering
                0x001021a4       0x10 /opt/devkitpro//libctru/lib/libctru.a(gfx.o)
                0x001021a4                gfxSetDoubleBuffering
 .text.gfxInit  0x001021b4       0xe0 /opt/devkitpro//libctru/lib/libctru.a(gfx.o)
                0x001021b4                gfxInit
 .text.gfxInitDefault
                0x00102294       0x10 /opt/devkitpro//libctru/lib/libctru.a(gfx.o)
                0x00102294                gfxInitDefault
 .text.gfxExit  0x001022a4       0xb4 /opt/devkitpro//libctru/lib/libctru.a(gfx.o)
                0x001022a4                gfxExit
 .text.gfxGetFramebuffer
                0x00102358       0xa0 /opt/devkitpro//libctru/lib/libctru.a(gfx.o)
                0x00102358                gfxGetFramebuffer
 .text.gfxFlushBuffers
                0x001023f8      0x104 /opt/devkitpro//libctru/lib/libctru.a(gfx.o)
                0x001023f8                gfxFlushBuffers
 .text.gfxSwapBuffersGpu
                0x001024fc       0x50 /opt/devkitpro//libctru/lib/libctru.a(gfx.o)
                0x001024fc                gfxSwapBuffersGpu
 .text.aptConvertScreenForCapture
                0x0010254c      0x1ac /opt/devkitpro//libctru/lib/libctru.a(apt.o)
 .text.aptDspSleep
                0x001026f8        0x8 /opt/devkitpro//libctru/lib/libctru.a(apt.o)
                0x001026f8                aptDspSleep
 .text.aptDspWakeup
                0x00102700        0x4 /opt/devkitpro//libctru/lib/libctru.a(apt.o)
                0x00102700                aptDspWakeup
 .text.aptDspCancel
                0x00102704        0x4 /opt/devkitpro//libctru/lib/libctru.a(apt.o)
                0x00102704                aptDspCancel
 .text.aptSendCommand
                0x00102708      0x158 /opt/devkitpro//libctru/lib/libctru.a(apt.o)
                0x00102708                aptSendCommand
 .text.aptExitProcess
                0x00102860       0x44 /opt/devkitpro//libctru/lib/libctru.a(apt.o)
 .text.aptExit  0x001028a4      0x38c /opt/devkitpro//libctru/lib/libctru.a(apt.o)
                0x001028a4                aptExit
 .text.aptHandleSleep
                0x00102c30       0xe0 /opt/devkitpro//libctru/lib/libctru.a(apt.o)
                0x00102c30                aptHandleSleep
 .text.APT_SleepIfShellClosed
                0x00102d10       0x84 /opt/devkitpro//libctru/lib/libctru.a(apt.o)
                0x00102d10                APT_SleepIfShellClosed
 .text.aptSetSleepAllowed
                0x00102d94       0x84 /opt/devkitpro//libctru/lib/libctru.a(apt.o)
                0x00102d94                aptSetSleepAllowed
 .text.APT_UnlockTransition
                0x00102e18       0x84 /opt/devkitpro//libctru/lib/libctru.a(apt.o)
                0x00102e18                APT_UnlockTransition
 *fill*         0x00102e9c        0x4 
 .text.aptEventHandler
                0x00102ea0      0x4a4 /opt/devkitpro//libctru/lib/libctru.a(apt.o)
 .text.APT_ReceiveParameter
                0x00103344       0xb0 /opt/devkitpro//libctru/lib/libctru.a(apt.o)
                0x00103344                APT_ReceiveParameter
 .text.aptReceiveParameter.constprop.0
                0x001033f4       0xac /opt/devkitpro//libctru/lib/libctru.a(apt.o)
 .text.aptScreenTransfer
                0x001034a0      0x2ac /opt/devkitpro//libctru/lib/libctru.a(apt.o)
 .text.aptWaitForWakeUp.isra.0
                0x0010374c      0x320 /opt/devkitpro//libctru/lib/libctru.a(apt.o)
 .text.aptJumpToHomeMenu
                0x00103a6c       0xf8 /opt/devkitpro//libctru/lib/libctru.a(apt.o)
                0x00103a6c                aptJumpToHomeMenu
 .text.aptMainLoop
                0x00103b64       0x48 /opt/devkitpro//libctru/lib/libctru.a(apt.o)
                0x00103b64                aptMainLoop
 .text.aptInit  0x00103bac      0x22c /opt/devkitpro//libctru/lib/libctru.a(apt.o)
                0x00103bac                aptInit
 .text.APT_CheckNew3DS
                0x00103dd8       0x7c /opt/devkitpro//libctru/lib/libctru.a(apt.o)
                0x00103dd8                APT_CheckNew3DS
 .text.gspHardwareInit
                0x00103e54      0xc64 /opt/devkitpro//libctru/lib/libctru.a(gspgpu.o)
 .text.gspInit  0x00104ab8      0x248 /opt/devkitpro//libctru/lib/libctru.a(gspgpu.o)
                0x00104ab8                gspInit
 .text.gspExit  0x00104d00       0xf0 /opt/devkitpro//libctru/lib/libctru.a(gspgpu.o)
                0x00104d00                gspExit
 .text.gspHasGpuRight
                0x00104df0       0x10 /opt/devkitpro//libctru/lib/libctru.a(gspgpu.o)
                0x00104df0                gspHasGpuRight
 .text.gspPresentBuffer
                0x00104e00       0xa0 /opt/devkitpro//libctru/lib/libctru.a(gspgpu.o)
                0x00104e00                gspPresentBuffer
 .text.gspWaitForEvent
                0x00104ea0       0x44 /opt/devkitpro//libctru/lib/libctru.a(gspgpu.o)
                0x00104ea0                gspWaitForEvent
 .text.gxCmdQueueInterrupt
                0x00104ee4        0x4 /opt/devkitpro//libctru/lib/libctru.a(gspgpu.o)
                0x00104ee4                gxCmdQueueInterrupt
 .text.gspEventThreadMain
                0x00104ee8      0x158 /opt/devkitpro//libctru/lib/libctru.a(gspgpu.o)
 .text.GSPGPU_FlushDataCache
                0x00105040       0x50 /opt/devkitpro//libctru/lib/libctru.a(gspgpu.o)
                0x00105040                GSPGPU_FlushDataCache
 .text.GSPGPU_SetLcdForceBlack
                0x00105090       0x34 /opt/devkitpro//libctru/lib/libctru.a(gspgpu.o)
                0x00105090                GSPGPU_SetLcdForceBlack
 .text.GSPGPU_AcquireRight
                0x001050c4       0x68 /opt/devkitpro//libctru/lib/libctru.a(gspgpu.o)
                0x001050c4                GSPGPU_AcquireRight
 .text.GSPGPU_ReleaseRight
                0x0010512c       0x48 /opt/devkitpro//libctru/lib/libctru.a(gspgpu.o)
                0x0010512c                GSPGPU_ReleaseRight
 .text.GSPGPU_ImportDisplayCaptureInfo
                0x00105174       0x7c /opt/devkitpro//libctru/lib/libctru.a(gspgpu.o)
                0x00105174                GSPGPU_ImportDisplayCaptureInfo
 .text.GSPGPU_SaveVramSysArea
                0x001051f0       0x2c /opt/devkitpro//libctru/lib/libctru.a(gspgpu.o)
                0x001051f0                GSPGPU_SaveVramSysArea
 .text.GSPGPU_RestoreVramSysArea
                0x0010521c       0x2c /opt/devkitpro//libctru/lib/libctru.a(gspgpu.o)
                0x0010521c                GSPGPU_RestoreVramSysArea
 .text.hidShouldUseIrrst
                0x00105248       0x24 /opt/devkitpro//libctru/lib/libctru.a(hid.o)
                0x00105248                hidShouldUseIrrst
 .text.hidInit  0x0010526c      0x18c /opt/devkitpro//libctru/lib/libctru.a(hid.o)
                0x0010526c                hidInit
 .text.hidExit  0x001053f8       0xe8 /opt/devkitpro//libctru/lib/libctru.a(hid.o)
                0x001053f8                hidExit
 .text.hidScanInput
                0x001054e0      0x2a4 /opt/devkitpro//libctru/lib/libctru.a(hid.o)
                0x001054e0                hidScanInput
 .text.hidKeysDown
                0x00105784       0x10 /opt/devkitpro//libctru/lib/libctru.a(hid.o)
                0x00105784                hidKeysDown
 .text.irrstInit
                0x00105794      0x160 /opt/devkitpro//libctru/lib/libctru.a(irrst.o)
                0x00105794                irrstInit
 .text.irrstExit
                0x001058f4       0xcc /opt/devkitpro//libctru/lib/libctru.a(irrst.o)
                0x001058f4                irrstExit
 .text.irrstScanInput
                0x001059c0       0xb4 /opt/devkitpro//libctru/lib/libctru.a(irrst.o)
                0x001059c0                irrstScanInput
 .text.irrstKeysHeld
                0x00105a74       0x24 /opt/devkitpro//libctru/lib/libctru.a(irrst.o)
                0x00105a74                irrstKeysHeld
 .text.accept   0x00105a98      0x1d8 /opt/devkitpro//libctru/lib/libctru.a(soc_accept.o)
                0x00105a98                accept
 .text.bind     0x00105c70      0x174 /opt/devkitpro//libctru/lib/libctru.a(soc_bind.o)
                0x00105c70                bind
 .text._net_convert_error
                0x00105de4       0x3c /opt/devkitpro//libctru/lib/libctru.a(soc_common.o)
                0x00105de4                _net_convert_error
 .text.fcntl    0x00105e20      0x140 /opt/devkitpro//libctru/lib/libctru.a(soc_fcntl.o)
                0x00105e20                fcntl
 .text.gethostid
                0x00105f60       0x50 /opt/devkitpro//libctru/lib/libctru.a(soc_gethostid.o)
                0x00105f60                gethostid
 .text.inet_ntoa
                0x00105fb0       0xe4 /opt/devkitpro//libctru/lib/libctru.a(soc_inet_ntoa.o)
                0x00105fb0                inet_ntoa
 .text.soc_open
                0x00106094       0x14 /opt/devkitpro//libctru/lib/libctru.a(soc_init.o)
 .text.soc_read
                0x001060a8       0x34 /opt/devkitpro//libctru/lib/libctru.a(soc_init.o)
 .text.soc_write
                0x001060dc       0x34 /opt/devkitpro//libctru/lib/libctru.a(soc_init.o)
 .text.soc_close
                0x00106110       0x8c /opt/devkitpro//libctru/lib/libctru.a(soc_init.o)
 .text.socInit  0x0010619c      0x14c /opt/devkitpro//libctru/lib/libctru.a(soc_init.o)
                0x0010619c                socInit
 .text.socExit  0x001062e8       0x88 /opt/devkitpro//libctru/lib/libctru.a(soc_init.o)
                0x001062e8                socExit
 .text.listen   0x00106370       0xf4 /opt/devkitpro//libctru/lib/libctru.a(soc_listen.o)
                0x00106370                listen
 .text.recv     0x00106464       0x20 /opt/devkitpro//libctru/lib/libctru.a(soc_recv.o)
                0x00106464                recv
 .text.socuipc_cmd7
                0x00106484      0x140 /opt/devkitpro//libctru/lib/libctru.a(soc_recvfrom.o)
                0x00106484                socuipc_cmd7
 .text.socuipc_cmd8
                0x001065c4      0x15c /opt/devkitpro//libctru/lib/libctru.a(soc_recvfrom.o)
                0x001065c4                socuipc_cmd8
 .text.soc_recvfrom
                0x00106720       0x24 /opt/devkitpro//libctru/lib/libctru.a(soc_recvfrom.o)
                0x00106720                soc_recvfrom
 .text.recvfrom
                0x00106744       0xa8 /opt/devkitpro//libctru/lib/libctru.a(soc_recvfrom.o)
                0x00106744                recvfrom
 .text.send     0x001067ec       0x20 /opt/devkitpro//libctru/lib/libctru.a(soc_send.o)
                0x001067ec                send
 .text.socuipc_cmd9
                0x0010680c      0x158 /opt/devkitpro//libctru/lib/libctru.a(soc_sendto.o)
                0x0010680c                socuipc_cmd9
 .text.socuipc_cmda
                0x00106964      0x15c /opt/devkitpro//libctru/lib/libctru.a(soc_sendto.o)
                0x00106964                socuipc_cmda
 .text.soc_sendto
                0x00106ac0       0x24 /opt/devkitpro//libctru/lib/libctru.a(soc_sendto.o)
                0x00106ac0                soc_sendto
 .text.sendto   0x00106ae4       0xa8 /opt/devkitpro//libctru/lib/libctru.a(soc_sendto.o)
                0x00106ae4                sendto
 .text.socket   0x00106b8c      0x14c /opt/devkitpro//libctru/lib/libctru.a(soc_socket.o)
                0x00106b8c                socket
 .text.__libctru_init
                0x00106cd8       0x38 /opt/devkitpro//libctru/lib/libctru.a(ctru_init.o)
                0x00106cd8                __libctru_init
 .text.__system_initArgv
                0x00106d10      0x170 /opt/devkitpro//libctru/lib/libctru.a(initArgv.o)
                0x00106d10                __system_initArgv
 .text.__syscall_getreent
                0x00106e80       0x30 /opt/devkitpro//libctru/lib/libctru.a(syscalls.o)
                0x00106e80                __syscall_getreent
 .text.__syscall_lock_acquire
                0x00106eb0        0x4 /opt/devkitpro//libctru/lib/libctru.a(syscalls.o)
                0x00106eb0                __syscall_lock_acquire
 .text.__syscall_lock_release
                0x00106eb4        0x4 /opt/devkitpro//libctru/lib/libctru.a(syscalls.o)
                0x00106eb4                __syscall_lock_release
 .text.__syscall_lock_acquire_recursive
                0x00106eb8        0x4 /opt/devkitpro//libctru/lib/libctru.a(syscalls.o)
                0x00106eb8                __syscall_lock_acquire_recursive
 .text.__syscall_lock_release_recursive
                0x00106ebc        0x4 /opt/devkitpro//libctru/lib/libctru.a(syscalls.o)
                0x00106ebc                __syscall_lock_release_recursive
 .text.__syscall_exit
                0x00106ec0        0x4 /opt/devkitpro//libctru/lib/libctru.a(syscalls.o)
                0x00106ec0                __syscall_exit
 .text.initThreadVars
                0x00106ec4       0x50 /opt/devkitpro//libctru/lib/libctru.a(syscalls.o)
                0x00106ec4                initThreadVars
 .text.__system_initSyscalls
                0x00106f14       0x80 /opt/devkitpro//libctru/lib/libctru.a(syscalls.o)
                0x00106f14                __system_initSyscalls
 .text.svcControlMemory
                0x00106f94       0x20 /opt/devkitpro//libctru/lib/libctru.a(svc.o)
                0x00106f94                svcControlMemory
 .text.svcQueryMemory
                0x00106fb4       0x30 /opt/devkitpro//libctru/lib/libctru.a(svc.o)
                0x00106fb4                svcQueryMemory
 .text.svcExitProcess
                0x00106fe4        0x8 /opt/devkitpro//libctru/lib/libctru.a(svc.o)
                0x00106fe4                svcExitProcess
 .text.svcCreateThread
                0x00106fec       0x20 /opt/devkitpro//libctru/lib/libctru.a(svc.o)
                0x00106fec                svcCreateThread
 .text.svcExitThread
                0x0010700c        0x8 /opt/devkitpro//libctru/lib/libctru.a(svc.o)
                0x0010700c                svcExitThread
 .text.svcSleepThread
                0x00107014        0x8 /opt/devkitpro//libctru/lib/libctru.a(svc.o)
                0x00107014                svcSleepThread
 .text.svcReleaseMutex
                0x0010701c        0x8 /opt/devkitpro//libctru/lib/libctru.a(svc.o)
                0x0010701c                svcReleaseMutex
 .text.svcCreateEvent
                0x00107024       0x14 /opt/devkitpro//libctru/lib/libctru.a(svc.o)
                0x00107024                svcCreateEvent
 .text.svcSignalEvent
                0x00107038        0x8 /opt/devkitpro//libctru/lib/libctru.a(svc.o)
                0x00107038                svcSignalEvent
 .text.svcClearEvent
                0x00107040        0x8 /opt/devkitpro//libctru/lib/libctru.a(svc.o)
                0x00107040                svcClearEvent
 .text.svcCreateMemoryBlock
                0x00107048       0x18 /opt/devkitpro//libctru/lib/libctru.a(svc.o)
                0x00107048                svcCreateMemoryBlock
 .text.svcMapMemoryBlock
                0x00107060        0x8 /opt/devkitpro//libctru/lib/libctru.a(svc.o)
                0x00107060                svcMapMemoryBlock
 .text.svcUnmapMemoryBlock
                0x00107068        0x8 /opt/devkitpro//libctru/lib/libctru.a(svc.o)
                0x00107068                svcUnmapMemoryBlock
 .text.svcCreateAddressArbiter
                0x00107070       0x14 /opt/devkitpro//libctru/lib/libctru.a(svc.o)
                0x00107070                svcCreateAddressArbiter
 .text.svcArbitrateAddressNoTimeout
                0x00107084        0x8 /opt/devkitpro//libctru/lib/libctru.a(svc.o)
                0x00107084                svcArbitrateAddressNoTimeout
 .text.svcCloseHandle
                0x0010708c        0x8 /opt/devkitpro//libctru/lib/libctru.a(svc.o)
                0x0010708c                svcCloseHandle
 .text.svcWaitSynchronization
                0x00107094        0x8 /opt/devkitpro//libctru/lib/libctru.a(svc.o)
                0x00107094                svcWaitSynchronization
 .text.svcWaitSynchronizationN
                0x0010709c       0x28 /opt/devkitpro//libctru/lib/libctru.a(svc.o)
                0x0010709c                svcWaitSynchronizationN
 .text.svcDuplicateHandle
                0x001070c4       0x14 /opt/devkitpro//libctru/lib/libctru.a(svc.o)
                0x001070c4                svcDuplicateHandle
 .text.svcConnectToPort
                0x001070d8       0x14 /opt/devkitpro//libctru/lib/libctru.a(svc.o)
                0x001070d8                svcConnectToPort
 .text.svcSendSyncRequest
                0x001070ec        0x8 /opt/devkitpro//libctru/lib/libctru.a(svc.o)
                0x001070ec                svcSendSyncRequest
 .text.svcGetResourceLimit
                0x001070f4       0x14 /opt/devkitpro//libctru/lib/libctru.a(svc.o)
                0x001070f4                svcGetResourceLimit
 .text.svcGetResourceLimitLimitValues
                0x00107108        0x8 /opt/devkitpro//libctru/lib/libctru.a(svc.o)
                0x00107108                svcGetResourceLimitLimitValues
 .text.svcGetResourceLimitCurrentValues
                0x00107110        0x8 /opt/devkitpro//libctru/lib/libctru.a(svc.o)
                0x00107110                svcGetResourceLimitCurrentValues
 .text.svcBreak
                0x00107118        0x8 /opt/devkitpro//libctru/lib/libctru.a(svc.o)
                0x00107118                svcBreak
 .text.initSystem
                0x00107120       0x50 /opt/devkitpro//libctru/lib/libctru.a(stack_adjust.o)
                0x00107120                initSystem
 .text.__ctru_exit
                0x00107170       0x14 /opt/devkitpro//libctru/lib/libctru.a(stack_adjust.o)
                0x00107170                __ctru_exit
 .text._ZL21addrMapNodeComparatorPK11rbtree_nodeS1_
                0x00107184       0x24 /opt/devkitpro//libctru/lib/libctru.a(linear.o)
 .text._ZL21addrMapNodeDestructorP11rbtree_node
                0x001071a8        0x4 /opt/devkitpro//libctru/lib/libctru.a(linear.o)
 .text.linearMemAlign
                0x001071ac      0x120 /opt/devkitpro//libctru/lib/libctru.a(linear.o)
                0x001071ac                linearMemAlign
 .text.linearAlloc
                0x001072cc        0x8 /opt/devkitpro//libctru/lib/libctru.a(linear.o)
                0x001072cc                linearAlloc
 .text.linearFree
                0x001072d4       0x5c /opt/devkitpro//libctru/lib/libctru.a(linear.o)
                0x001072d4                linearFree
 .text._ZN7MemPool13CoalesceRightEP8MemBlock
                0x00107330       0x80 /opt/devkitpro//libctru/lib/libctru.a(mem_pool.o)
                0x00107330                MemPool::CoalesceRight(MemBlock*)
 .text._ZN7MemPool8AllocateER8MemChunkmi
                0x001073b0      0x16c /opt/devkitpro//libctru/lib/libctru.a(mem_pool.o)
                0x001073b0                MemPool::Allocate(MemChunk&, unsigned long, int)
 .text._ZN7MemPool10DeallocateERK8MemChunk
                0x0010751c       0xfc /opt/devkitpro//libctru/lib/libctru.a(mem_pool.o)
                0x0010751c                MemPool::Deallocate(MemChunk const&)
 .text._ZN7MemPool12GetFreeSpaceEv
                0x00107618       0x30 /opt/devkitpro//libctru/lib/libctru.a(mem_pool.o)
                0x00107618                MemPool::GetFreeSpace()
 .text._ZL21addrMapNodeComparatorPK11rbtree_nodeS1_
                0x00107648       0x24 /opt/devkitpro//libctru/lib/libctru.a(vram.o)
 .text._ZL21addrMapNodeDestructorP11rbtree_node
                0x0010766c        0x4 /opt/devkitpro//libctru/lib/libctru.a(vram.o)
 .text.vramMemAlignAt
                0x00107670      0x24c /opt/devkitpro//libctru/lib/libctru.a(vram.o)
                0x00107670                vramMemAlignAt
 .text.vramAlloc
                0x001078bc        0xc /opt/devkitpro//libctru/lib/libctru.a(vram.o)
                0x001078bc                vramAlloc
 .text.vramFree
                0x001078c8       0x90 /opt/devkitpro//libctru/lib/libctru.a(vram.o)
                0x001078c8                vramFree
 .text.envGetHandle
                0x00107958       0x84 /opt/devkitpro//libctru/lib/libctru.a(env.o)
                0x00107958                envGetHandle
 .text.envDestroyHandles
                0x001079dc       0x50 /opt/devkitpro//libctru/lib/libctru.a(env.o)
                0x001079dc                envDestroyHandles
 .text.__ctru_speedup_config
                0x00107a2c       0x34 /opt/devkitpro//libctru/lib/libctru.a(os.o)
                0x00107a2c                __ctru_speedup_config
 .text.srvInit  0x00107a60      0x12c /opt/devkitpro//libctru/lib/libctru.a(srv.o)
                0x00107a60                srvInit
 .text.srvExit  0x00107b8c       0x58 /opt/devkitpro//libctru/lib/libctru.a(srv.o)
                0x00107b8c                srvExit
 .text.srvEnableNotification
                0x00107be4       0x60 /opt/devkitpro//libctru/lib/libctru.a(srv.o)
                0x00107be4                srvEnableNotification
 .text.srvGetServiceHandleDirect
                0x00107c44       0xa0 /opt/devkitpro//libctru/lib/libctru.a(srv.o)
                0x00107c44                srvGetServiceHandleDirect
 .text.srvGetServiceHandle
                0x00107ce4       0x38 /opt/devkitpro//libctru/lib/libctru.a(srv.o)
                0x00107ce4                srvGetServiceHandle
 .text.srvSubscribe
                0x00107d1c       0x34 /opt/devkitpro//libctru/lib/libctru.a(srv.o)
                0x00107d1c                srvSubscribe
 .text.srvReceiveNotification
                0x00107d50       0x60 /opt/devkitpro//libctru/lib/libctru.a(srv.o)
                0x00107d50                srvReceiveNotification
 .text.srvPublishToSubscriber
                0x00107db0       0x38 /opt/devkitpro//libctru/lib/libctru.a(srv.o)
                0x00107db0                srvPublishToSubscriber
 .text.__sync_init
                0x00107de8        0xc /opt/devkitpro//libctru/lib/libctru.a(synchronization.o)
                0x00107de8                __sync_init
 .text.__sync_fini
                0x00107df4       0x18 /opt/devkitpro//libctru/lib/libctru.a(synchronization.o)
                0x00107df4                __sync_fini
 .text.syncArbitrateAddress
                0x00107e0c       0x2c /opt/devkitpro//libctru/lib/libctru.a(synchronization.o)
                0x00107e0c                syncArbitrateAddress
 .text.LightLock_Lock
                0x00107e38       0xac /opt/devkitpro//libctru/lib/libctru.a(synchronization.o)
                0x00107e38                LightLock_Lock
 .text.LightLock_Unlock
                0x00107ee4       0x40 /opt/devkitpro//libctru/lib/libctru.a(synchronization.o)
                0x00107ee4                LightLock_Unlock
 .text.RecursiveLock_Lock
                0x00107f24       0x30 /opt/devkitpro//libctru/lib/libctru.a(synchronization.o)
                0x00107f24                RecursiveLock_Lock
 .text.RecursiveLock_Unlock
                0x00107f54       0x54 /opt/devkitpro//libctru/lib/libctru.a(synchronization.o)
                0x00107f54                RecursiveLock_Unlock
 .text.LightEvent_Init
                0x00107fa8       0x40 /opt/devkitpro//libctru/lib/libctru.a(synchronization.o)
                0x00107fa8                LightEvent_Init
 .text.LightEvent_Clear
                0x00107fe8       0xa4 /opt/devkitpro//libctru/lib/libctru.a(synchronization.o)
                0x00107fe8                LightEvent_Clear
 .text.LightEvent_Signal
                0x0010808c       0xc8 /opt/devkitpro//libctru/lib/libctru.a(synchronization.o)
                0x0010808c                LightEvent_Signal
 .text.LightEvent_TryWait
                0x00108154       0x50 /opt/devkitpro//libctru/lib/libctru.a(synchronization.o)
                0x00108154                LightEvent_TryWait
 .text.LightEvent_Wait
                0x001081a4       0xa0 /opt/devkitpro//libctru/lib/libctru.a(synchronization.o)
                0x001081a4                LightEvent_Wait
 .text.threadCreate
                0x00108244      0x1d8 /opt/devkitpro//libctru/lib/libctru.a(thread.o)
                0x00108244                threadCreate
 .text.threadFree
                0x0010841c       0x2c /opt/devkitpro//libctru/lib/libctru.a(thread.o)
                0x0010841c                threadFree
 .text.threadJoin
                0x00108448       0x24 /opt/devkitpro//libctru/lib/libctru.a(thread.o)
                0x00108448                threadJoin
 .text.threadGetCurrent
                0x0010846c       0x30 /opt/devkitpro//libctru/lib/libctru.a(thread.o)
                0x0010846c                threadGetCurrent
 .text.threadExit
                0x0010849c       0x40 /opt/devkitpro//libctru/lib/libctru.a(thread.o)
                0x0010849c                threadExit
 .text._thread_begin
                0x001084dc       0x20 /opt/devkitpro//libctru/lib/libctru.a(thread.o)
 .text.mappableFindAddressWithin
                0x001084fc       0xb4 /opt/devkitpro//libctru/lib/libctru.a(mappable.o)
 .text.mappableInit
                0x001085b0       0x28 /opt/devkitpro//libctru/lib/libctru.a(mappable.o)
                0x001085b0                mappableInit
 .text.mappableAlloc
                0x001085d8       0x80 /opt/devkitpro//libctru/lib/libctru.a(mappable.o)
                0x001085d8                mappableAlloc
 .text.mappableFree
                0x00108658        0x4 /opt/devkitpro//libctru/lib/libctru.a(mappable.o)
                0x00108658                mappableFree
 .text.ptmSysmInit
                0x0010865c       0x74 /opt/devkitpro//libctru/lib/libctru.a(ptmsysm.o)
                0x0010865c                ptmSysmInit
 .text.ptmSysmExit
                0x001086d0       0x3c /opt/devkitpro//libctru/lib/libctru.a(ptmsysm.o)
                0x001086d0                ptmSysmExit
 .text.PTMSYSM_ConfigureNew3DSCPU
                0x0010870c       0x34 /opt/devkitpro//libctru/lib/libctru.a(ptmsysm.o)
                0x0010870c                PTMSYSM_ConfigureNew3DSCPU
 .text.srvPmGetSessionHandle
                0x00108740        0xc /opt/devkitpro//libctru/lib/libctru.a(srvpm.o)
                0x00108740                srvPmGetSessionHandle
 .text.rbtree_find
                0x0010874c       0x74 /opt/devkitpro//libctru/lib/libctru.a(rbtree_find.o)
                0x0010874c                rbtree_find
 .text.rbtree_init
                0x001087c0       0x10 /opt/devkitpro//libctru/lib/libctru.a(rbtree_init.o)
                0x001087c0                rbtree_init
 .text.do_insert
                0x001087d0      0x1b0 /opt/devkitpro//libctru/lib/libctru.a(rbtree_insert.o)
 .text.rbtree_insert
                0x00108980        0x8 /opt/devkitpro//libctru/lib/libctru.a(rbtree_insert.o)
                0x00108980                rbtree_insert
 .text.rbtree_remove
                0x00108988      0x318 /opt/devkitpro//libctru/lib/libctru.a(rbtree_remove.o)
                0x00108988                rbtree_remove
 .text.rbtree_rotate
                0x00108ca0       0x90 /opt/devkitpro//libctru/lib/libctru.a(rbtree_rotate.o)
                0x00108ca0                rbtree_rotate
 .text.__system_allocateHeaps
                0x00108d30      0x1e0 /opt/devkitpro//libctru/lib/libctru.a(allocateHeaps.o)
                0x00108d30                __system_allocateHeaps
 .text.__appExit
                0x00108f10       0x30 /opt/devkitpro//libctru/lib/libctru.a(appExit.o)
                0x00108f10                __appExit
 .text.__appInit
                0x00108f40       0x30 /opt/devkitpro//libctru/lib/libctru.a(appInit.o)
                0x00108f40                __appInit
 .text.__libctru_exit
                0x00108f70       0x90 /opt/devkitpro//libctru/lib/libctru.a(ctru_exit.o)
                0x00108f70                __libctru_exit
 .text.archive_link
                0x00109000       0x14 /opt/devkitpro//libctru/lib/libctru.a(archive_dev.o)
 .text.archive_dirreset
                0x00109014       0x14 /opt/devkitpro//libctru/lib/libctru.a(archive_dev.o)
 .text.archive_chmod
                0x00109028       0x14 /opt/devkitpro//libctru/lib/libctru.a(archive_dev.o)
 .text.error_cmp
                0x0010903c       0x24 /opt/devkitpro//libctru/lib/libctru.a(archive_dev.o)
 .text.archive_translate_error
                0x00109060       0x50 /opt/devkitpro//libctru/lib/libctru.a(archive_dev.o)
 .text.archive_seek
                0x001090b0       0xc8 /opt/devkitpro//libctru/lib/libctru.a(archive_dev.o)
 .text._archiveInit.part.0
                0x00109178       0x7c /opt/devkitpro//libctru/lib/libctru.a(archive_dev.o)
 .text.archiveFindDevice.part.0
                0x001091f4       0xc4 /opt/devkitpro//libctru/lib/libctru.a(archive_dev.o)
 .text.archive_utf16path
                0x001092b8      0x280 /opt/devkitpro//libctru/lib/libctru.a(archive_dev.o)
 .text._archiveUnmountDeviceStruct.part.0
                0x00109538       0x9c /opt/devkitpro//libctru/lib/libctru.a(archive_dev.o)
 .text.archive_fchmod
                0x001095d4       0x14 /opt/devkitpro//libctru/lib/libctru.a(archive_dev.o)
 .text.archive_statvfs
                0x001095e8       0x14 /opt/devkitpro//libctru/lib/libctru.a(archive_dev.o)
 .text._archiveMountDevice
                0x001095fc      0x164 /opt/devkitpro//libctru/lib/libctru.a(archive_dev.o)
 .text.archive_diropen
                0x00109760       0xe8 /opt/devkitpro//libctru/lib/libctru.a(archive_dev.o)
 .text.archive_fstat
                0x00109848       0xa4 /opt/devkitpro//libctru/lib/libctru.a(archive_dev.o)
 .text.archive_fsync
                0x001098ec       0x6c /opt/devkitpro//libctru/lib/libctru.a(archive_dev.o)
 .text.archive_close
                0x00109958       0x6c /opt/devkitpro//libctru/lib/libctru.a(archive_dev.o)
 .text.archive_dirclose
                0x001099c4       0x70 /opt/devkitpro//libctru/lib/libctru.a(archive_dev.o)
 .text.sdmc_statvfs
                0x00109a34       0xe8 /opt/devkitpro//libctru/lib/libctru.a(archive_dev.o)
 .text.archive_chdir
                0x00109b1c       0xec /opt/devkitpro//libctru/lib/libctru.a(archive_dev.o)
 .text.archive_ftruncate
                0x00109c08       0x7c /opt/devkitpro//libctru/lib/libctru.a(archive_dev.o)
 .text.archive_read
                0x00109c84       0xac /opt/devkitpro//libctru/lib/libctru.a(archive_dev.o)
 .text.archive_unlink
                0x00109d30       0xa4 /opt/devkitpro//libctru/lib/libctru.a(archive_dev.o)
 .text.archive_rmdir
                0x00109dd4       0xbc /opt/devkitpro//libctru/lib/libctru.a(archive_dev.o)
 .text.archive_mkdir
                0x00109e90       0xdc /opt/devkitpro//libctru/lib/libctru.a(archive_dev.o)
 .text.archive_stat
                0x00109f6c      0x194 /opt/devkitpro//libctru/lib/libctru.a(archive_dev.o)
 .text.archive_dirnext
                0x0010a100      0x160 /opt/devkitpro//libctru/lib/libctru.a(archive_dev.o)
 .text.archive_write
                0x0010a260      0x124 /opt/devkitpro//libctru/lib/libctru.a(archive_dev.o)
 .text.archive_open
                0x0010a384      0x20c /opt/devkitpro//libctru/lib/libctru.a(archive_dev.o)
 .text.archive_rename
                0x0010a590      0x278 /opt/devkitpro//libctru/lib/libctru.a(archive_dev.o)
 .text.archiveMountSdmc
                0x0010a808      0x19c /opt/devkitpro//libctru/lib/libctru.a(archive_dev.o)
                0x0010a808                archiveMountSdmc
 .text.archiveUnmountAll
                0x0010a9a4       0x54 /opt/devkitpro//libctru/lib/libctru.a(archive_dev.o)
                0x0010a9a4                archiveUnmountAll
 .text.fsInit   0x0010a9f8       0xcc /opt/devkitpro//libctru/lib/libctru.a(fs.o)
                0x0010a9f8                fsInit
 .text.fsExit   0x0010aac4       0x3c /opt/devkitpro//libctru/lib/libctru.a(fs.o)
                0x0010aac4                fsExit
 .text.fsExemptFromSession
                0x0010ab00       0x60 /opt/devkitpro//libctru/lib/libctru.a(fs.o)
                0x0010ab00                fsExemptFromSession
 .text.fsUnexemptFromSession
                0x0010ab60       0x50 /opt/devkitpro//libctru/lib/libctru.a(fs.o)
                0x0010ab60                fsUnexemptFromSession
 .text.FSUSER_OpenFile
                0x0010abb0       0xcc /opt/devkitpro//libctru/lib/libctru.a(fs.o)
                0x0010abb0                FSUSER_OpenFile
 .text.FSUSER_DeleteFile
                0x0010ac7c       0xbc /opt/devkitpro//libctru/lib/libctru.a(fs.o)
                0x0010ac7c                FSUSER_DeleteFile
 .text.FSUSER_RenameFile
                0x0010ad38       0xf8 /opt/devkitpro//libctru/lib/libctru.a(fs.o)
                0x0010ad38                FSUSER_RenameFile
 .text.FSUSER_DeleteDirectory
                0x0010ae30       0xbc /opt/devkitpro//libctru/lib/libctru.a(fs.o)
                0x0010ae30                FSUSER_DeleteDirectory
 .text.FSUSER_CreateFile
                0x0010aeec       0xd4 /opt/devkitpro//libctru/lib/libctru.a(fs.o)
                0x0010aeec                FSUSER_CreateFile
 .text.FSUSER_CreateDirectory
                0x0010afc0       0xc4 /opt/devkitpro//libctru/lib/libctru.a(fs.o)
                0x0010afc0                FSUSER_CreateDirectory
 .text.FSUSER_RenameDirectory
                0x0010b084       0xf8 /opt/devkitpro//libctru/lib/libctru.a(fs.o)
                0x0010b084                FSUSER_RenameDirectory
 .text.FSUSER_OpenDirectory
                0x0010b17c       0xb4 /opt/devkitpro//libctru/lib/libctru.a(fs.o)
                0x0010b17c                FSUSER_OpenDirectory
 .text.FSUSER_OpenArchive
                0x0010b230       0x94 /opt/devkitpro//libctru/lib/libctru.a(fs.o)
                0x0010b230                FSUSER_OpenArchive
 .text.FSUSER_CloseArchive
                0x0010b2c4       0x8c /opt/devkitpro//libctru/lib/libctru.a(fs.o)
                0x0010b2c4                FSUSER_CloseArchive
 .text.FSUSER_GetSdmcArchiveResource
                0x0010b350       0x74 /opt/devkitpro//libctru/lib/libctru.a(fs.o)
                0x0010b350                FSUSER_GetSdmcArchiveResource
 .text.FSUSER_IsSdmcWritable
                0x0010b3c4       0x64 /opt/devkitpro//libctru/lib/libctru.a(fs.o)
                0x0010b3c4                FSUSER_IsSdmcWritable
 .text.FSFILE_Read
                0x0010b428       0x58 /opt/devkitpro//libctru/lib/libctru.a(fs.o)
                0x0010b428                FSFILE_Read
 .text.FSFILE_Write
                0x0010b480       0x60 /opt/devkitpro//libctru/lib/libctru.a(fs.o)
                0x0010b480                FSFILE_Write
 .text.FSFILE_GetSize
                0x0010b4e0       0x38 /opt/devkitpro//libctru/lib/libctru.a(fs.o)
                0x0010b4e0                FSFILE_GetSize
 .text.FSFILE_SetSize
                0x0010b518       0x28 /opt/devkitpro//libctru/lib/libctru.a(fs.o)
                0x0010b518                FSFILE_SetSize
 .text.FSFILE_Close
                0x0010b540       0x3c /opt/devkitpro//libctru/lib/libctru.a(fs.o)
                0x0010b540                FSFILE_Close
 .text.FSFILE_Flush
                0x0010b57c       0x24 /opt/devkitpro//libctru/lib/libctru.a(fs.o)
                0x0010b57c                FSFILE_Flush
 .text.FSDIR_Read
                0x0010b5a0       0x50 /opt/devkitpro//libctru/lib/libctru.a(fs.o)
                0x0010b5a0                FSDIR_Read
 .text.FSDIR_Close
                0x0010b5f0       0x3c /opt/devkitpro//libctru/lib/libctru.a(fs.o)
                0x0010b5f0                FSDIR_Close
 .text.rbtree_node_next
                0x0010b62c       0x5c /opt/devkitpro//libctru/lib/libctru.a(rbtree_iterator.o)
                0x0010b62c                rbtree_node_next
 .text.decode_utf8
                0x0010b688      0x13c /opt/devkitpro//libctru/lib/libctru.a(decode_utf8.o)
                0x0010b688                decode_utf8
 .text.utf16_to_utf8
                0x0010b7c4       0xe8 /opt/devkitpro//libctru/lib/libctru.a(utf16_to_utf8.o)
                0x0010b7c4                utf16_to_utf8
 .text.utf8_to_utf16
                0x0010b8ac       0xc0 /opt/devkitpro//libctru/lib/libctru.a(utf8_to_utf16.o)
                0x0010b8ac                utf8_to_utf16
 .text.__aeabi_read_tp
                0x0010b96c        0xc /opt/devkitpro//libctru/lib/libctru.a(readtp.o)
                0x0010b96c                __aeabi_read_tp
 .text.decode_utf16
                0x0010b978       0x64 /opt/devkitpro//libctru/lib/libctru.a(decode_utf16.o)
                0x0010b978                decode_utf16
 .text.encode_utf16
                0x0010b9dc       0x54 /opt/devkitpro//libctru/lib/libctru.a(encode_utf16.o)
                0x0010b9dc                encode_utf16
 .text.encode_utf8
                0x0010ba30       0xe0 /opt/devkitpro//libctru/lib/libctru.a(encode_utf8.o)
                0x0010ba30                encode_utf8
 .text.__udivmoddi4
                0x0010bb10      0x120 /opt/devkitpro/devkitARM/bin/../lib/gcc/arm-none-eabi/13.2.0/armv6k/fpu/libgcc.a(_udivmoddi4.o)
                0x0010bb10                __udivmoddi4
 .text.strncmp  0x0010bc30       0xe4 /opt/devkitpro/devkitARM/bin/../lib/gcc/arm-none-eabi/13.2.0/../../../../arm-none-eabi/lib/armv6k/fpu/libg.a(libc_a-strncmp.o)
                0x0010bc30                strncmp
 .text.strlen   0x0010bd14       0x5c /opt/devkitpro/devkitARM/bin/../lib/gcc/arm-none-eabi/13.2.0/../../../../arm-none-eabi/lib/armv6k/fpu/libg.a(libc_a-strlen-stub.o)
                0x0010bd14                strlen
 .text._strerror_r
                0x0010bd70      0x63c /opt/devkitpro/devkitARM/bin/../lib/gcc/arm-none-eabi/13.2.0/../../../../arm-none-eabi/lib/armv6k/fpu/libg.a(libc_a-strerror.o)
                0x0010bd70                _strerror_r
 .text.strerror
                0x0010c3ac       0x20 /opt/devkitpro/devkitARM/bin/../lib/gcc/arm-none-eabi/13.2.0/../../../../arm-none-eabi/lib/armv6k/fpu/libg.a(libc_a-strerror.o)
                0x0010c3ac                strerror
 .text._user_strerror
                0x0010c3cc        0x8 /opt/devkitpro/devkitARM/bin/../lib/gcc/arm-none-eabi/13.2.0/../../../../arm-none-eabi/lib/armv6k/fpu/libg.a(libc_a-u_strerr.o)
                0x0010c3cc                _user_strerror
 .text.sprintf  0x0010c3d4       0x68 /opt/devkitpro/devkitARM/bin/../lib/gcc/arm-none-eabi/13.2.0/../../../../arm-none-eabi/lib/armv6k/fpu/libg.a(libc_a-sprintf.o)
                0x0010c3d4                sprintf
 .text._strtoul_l.isra.0
                0x0010c43c      0x1d8 /opt/devkitpro/devkitARM/bin/../lib/gcc/arm-none-eabi/13.2.0/../../../../arm-none-eabi/lib/armv6k/fpu/libg.a(libc_a-strtoul.o)
 .text.strtoul  0x0010c614       0x34 /opt/devkitpro/devkitARM/bin/../lib/gcc/arm-none-eabi/13.2.0/../../../../arm-none-eabi/lib/armv6k/fpu/libg.a(libc_a-strtoul.o)
                0x0010c614                strtoul
 .text.strncat  0x0010c648       0xe4 /opt/devkitpro/devkitARM/bin/../lib/gcc/arm-none-eabi/13.2.0/../../../../arm-none-eabi/lib/armv6k/fpu/libg.a(libc_a-strncat.o)
                0x0010c648                strncat
 .text.bsearch  0x0010c72c       0x78 /opt/devkitpro/devkitARM/bin/../lib/gcc/arm-none-eabi/13.2.0/../../../../arm-none-eabi/lib/armv6k/fpu/libg.a(libc_a-bsearch.o)
                0x0010c72c                bsearch
 .text.memalign
                0x0010c7a4       0x20 /opt/devkitpro/devkitARM/bin/../lib/gcc/arm-none-eabi/13.2.0/../../../../arm-none-eabi/lib/armv6k/fpu/libg.a(libc_a-malign.o)
                0x0010c7a4                memalign
 .text.stdio_exit_handler
                0x0010c7c4       0x1c /opt/devkitpro/devkitARM/bin/../lib/gcc/arm-none-eabi/13.2.0/../../../../arm-none-eabi/lib/armv6k/fpu/libg.a(libc_a-findfp.o)
 .text.cleanup_stdio
                0x0010c7e0       0x5c /opt/devkitpro/devkitARM/bin/../lib/gcc/arm-none-eabi/13.2.0/../../../../arm-none-eabi/lib/armv6k/fpu/libg.a(libc_a-findfp.o)
 .text.global_stdio_init.part.0
                0x0010c83c      0x154 /opt/devkitpro/devkitARM/bin/../lib/gcc/arm-none-eabi/13.2.0/../../../../arm-none-eabi/lib/armv6k/fpu/libg.a(libc_a-findfp.o)
 .text.__sinit  0x0010c990       0x5c /opt/devkitpro/devkitARM/bin/../lib/gcc/arm-none-eabi/13.2.0/../../../../arm-none-eabi/lib/armv6k/fpu/libg.a(libc_a-findfp.o)
                0x0010c990                __sinit
 .text.__sfp_lock_acquire
                0x0010c9ec        0xc /opt/devkitpro/devkitARM/bin/../lib/gcc/arm-none-eabi/13.2.0/../../../../arm-none-eabi/lib/armv6k/fpu/libg.a(libc_a-findfp.o)
                0x0010c9ec                __sfp_lock_acquire
 .text.__sfp_lock_release
                0x0010c9f8        0xc /opt/devkitpro/devkitARM/bin/../lib/gcc/arm-none-eabi/13.2.0/../../../../arm-none-eabi/lib/armv6k/fpu/libg.a(libc_a-findfp.o)
                0x0010c9f8                __sfp_lock_release
 .text._malloc_r
                0x0010ca04      0x79c /opt/devkitpro/devkitARM/bin/../lib/gcc/arm-none-eabi/13.2.0/../../../../arm-none-eabi/lib/armv6k/fpu/libg.a(libc_a-mallocr.o)
                0x0010ca04                _malloc_r
 .text._malloc_trim_r
                0x0010d1a0       0xf8 /opt/devkitpro/devkitARM/bin/../lib/gcc/arm-none-eabi/13.2.0/../../../../arm-none-eabi/lib/armv6k/fpu/libg.a(libc_a-freer.o)
                0x0010d1a0                _malloc_trim_r
 .text._free_r  0x0010d298      0x2e8 /opt/devkitpro/devkitARM/bin/../lib/gcc/arm-none-eabi/13.2.0/../../../../arm-none-eabi/lib/armv6k/fpu/libg.a(libc_a-freer.o)
                0x0010d298                _free_r
 .text.get_arg  0x0010d580      0x64c /opt/devkitpro/devkitARM/bin/../lib/gcc/arm-none-eabi/13.2.0/../../../../arm-none-eabi/lib/armv6k/fpu/libg.a(libc_a-svfprintf.o)
 *fill*         0x0010dbcc        0x4 
 .text._svfprintf_r
                0x0010dbd0     0x3324 /opt/devkitpro/devkitARM/bin/../lib/gcc/arm-none-eabi/13.2.0/../../../../arm-none-eabi/lib/armv6k/fpu/libg.a(libc_a-svfprintf.o)
                0x0010dbd0                _svfprintf_r
 .text.vprintf  0x00110ef4       0x24 /opt/devkitpro/devkitARM/bin/../lib/gcc/arm-none-eabi/13.2.0/../../../../arm-none-eabi/lib/armv6k/fpu/libg.a(libc_a-vprintf.o)
                0x00110ef4                vprintf
 .text.close    0x00110f18       0x18 /opt/devkitpro/devkitARM/bin/../lib/gcc/arm-none-eabi/13.2.0/../../../../arm-none-eabi/lib/armv6k/fpu/libg.a(libc_a-sysclose.o)
                0x00110f18                close
 .text.setvbuf  0x00110f30      0x25c /opt/devkitpro/devkitARM/bin/../lib/gcc/arm-none-eabi/13.2.0/../../../../arm-none-eabi/lib/armv6k/fpu/libg.a(libc_a-setvbuf.o)
                0x00110f30                setvbuf
 .text.strnlen  0x0011118c       0x48 /opt/devkitpro/devkitARM/bin/../lib/gcc/arm-none-eabi/13.2.0/../../../../arm-none-eabi/lib/armv6k/fpu/libg.a(libc_a-strnlen.o)
                0x0011118c                strnlen
 .text.__errno  0x001111d4        0xc /opt/devkitpro/devkitARM/bin/../lib/gcc/arm-none-eabi/13.2.0/../../../../arm-none-eabi/lib/armv6k/fpu/libg.a(libc_a-errno.o)
                0x001111d4                __errno
 .text.malloc   0x001111e0       0x18 /opt/devkitpro/devkitARM/bin/../lib/gcc/arm-none-eabi/13.2.0/../../../../arm-none-eabi/lib/armv6k/fpu/libg.a(libc_a-malloc.o)
                0x001111e0                malloc
 .text.free     0x001111f8       0x18 /opt/devkitpro/devkitARM/bin/../lib/gcc/arm-none-eabi/13.2.0/../../../../arm-none-eabi/lib/armv6k/fpu/libg.a(libc_a-malloc.o)
                0x001111f8                free
 .text.memcpy   0x00111210      0x11c /opt/devkitpro/devkitARM/bin/../lib/gcc/arm-none-eabi/13.2.0/../../../../arm-none-eabi/lib/armv6k/fpu/libg.a(libc_a-memcpy-stub.o)
                0x00111210                memcpy
 .text.printf   0x0011132c       0x34 /opt/devkitpro/devkitARM/bin/../lib/gcc/arm-none-eabi/13.2.0/../../../../arm-none-eabi/lib/armv6k/fpu/libg.a(libc_a-printf.o)
                0x0011132c                printf
 .text._puts_r  0x00111360       0xe0 /opt/devkitpro/devkitARM/bin/../lib/gcc/arm-none-eabi/13.2.0/../../../../arm-none-eabi/lib/armv6k/fpu/libg.a(libc_a-puts.o)
                0x00111360                _puts_r
 .text.puts     0x00111440       0x18 /opt/devkitpro/devkitARM/bin/../lib/gcc/arm-none-eabi/13.2.0/../../../../arm-none-eabi/lib/armv6k/fpu/libg.a(libc_a-puts.o)
                0x00111440                puts
 .text.memset   0x00111458       0xf4 /opt/devkitpro/devkitARM/bin/../lib/gcc/arm-none-eabi/13.2.0/../../../../arm-none-eabi/lib/armv6k/fpu/libg.a(libc_a-memset.o)
                0x00111458                memset
 .text._fwalk_sglue
                0x0011154c       0x70 /opt/devkitpro/devkitARM/bin/../lib/gcc/arm-none-eabi/13.2.0/../../../../arm-none-eabi/lib/armv6k/fpu/libg.a(libc_a-fwalk.o)
                0x0011154c                _fwalk_sglue
 .text.__malloc_lock
                0x001115bc        0xc /opt/devkitpro/devkitARM/bin/../lib/gcc/arm-none-eabi/13.2.0/../../../../arm-none-eabi/lib/armv6k/fpu/libg.a(libc_a-mlock.o)
                0x001115bc                __malloc_lock
 .text.__malloc_unlock
                0x001115c8        0xc /opt/devkitpro/devkitARM/bin/../lib/gcc/arm-none-eabi/13.2.0/../../../../arm-none-eabi/lib/armv6k/fpu/libg.a(libc_a-mlock.o)
                0x001115c8                __malloc_unlock
 .text.exit     0x001115d4       0x30 /opt/devkitpro/devkitARM/bin/../lib/gcc/arm-none-eabi/13.2.0/../../../../arm-none-eabi/lib/armv6k/fpu/libg.a(libc_a-exit.o)
                0x001115d4                exit
 .text.atexit   0x00111604       0x14 /opt/devkitpro/devkitARM/bin/../lib/gcc/arm-none-eabi/13.2.0/../../../../arm-none-eabi/lib/armv6k/fpu/libg.a(libc_a-atexit.o)
                0x00111604                atexit
 .text.strncpy  0x00111618       0xc4 /opt/devkitpro/devkitARM/bin/../lib/gcc/arm-none-eabi/13.2.0/../../../../arm-none-eabi/lib/armv6k/fpu/libg.a(libc_a-strncpy.o)
                0x00111618                strncpy
 .text._wcsrtombs_r
                0x001116dc       0x28 /opt/devkitpro/devkitARM/bin/../lib/gcc/arm-none-eabi/13.2.0/../../../../arm-none-eabi/lib/armv6k/fpu/libg.a(libc_a-wcsrtombs.o)
                0x001116dc                _wcsrtombs_r
 .text.__libc_init_array
                0x00111704       0x84 /opt/devkitpro/devkitARM/bin/../lib/gcc/arm-none-eabi/13.2.0/../../../../arm-none-eabi/lib/armv6k/fpu/libg.a(libc_a-init.o)
                0x00111704                __libc_init_array
 .text.__sflush_r
                0x00111788      0x22c /opt/devkitpro/devkitARM/bin/../lib/gcc/arm-none-eabi/13.2.0/../../../../arm-none-eabi/lib/armv6k/fpu/libg.a(libc_a-fflush.o)
                0x00111788                __sflush_r
 .text._fflush_r
                0x001119b4       0x94 /opt/devkitpro/devkitARM/bin/../lib/gcc/arm-none-eabi/13.2.0/../../../../arm-none-eabi/lib/armv6k/fpu/libg.a(libc_a-fflush.o)
                0x001119b4                _fflush_r
 .text.frexp    0x00111a48       0x88 /opt/devkitpro/devkitARM/bin/../lib/gcc/arm-none-eabi/13.2.0/../../../../arm-none-eabi/lib/armv6k/fpu/libg.a(libm_a-s_frexp.o)
                0x00111a48                frexp
 .text.__sfvwrite_r
                0x00111ad0      0x4b4 /opt/devkitpro/devkitARM/bin/../lib/gcc/arm-none-eabi/13.2.0/../../../../arm-none-eabi/lib/armv6k/fpu/libg.a(libc_a-fvwrite.o)
                0x00111ad0                __sfvwrite_r
 .text.__locale_mb_cur_max
                0x00111f84       0x24 /opt/devkitpro/devkitARM/bin/../lib/gcc/arm-none-eabi/13.2.0/../../../../arm-none-eabi/lib/armv6k/fpu/libg.a(libc_a-locale.o)
                0x00111f84                __locale_mb_cur_max
 .text.__ssprint_r
                0x00111fa8       0xa4 /opt/devkitpro/devkitARM/bin/../lib/gcc/arm-none-eabi/13.2.0/../../../../arm-none-eabi/lib/armv6k/fpu/libg.a(libc_a-ssprint_r.o)
                0x00111fa8                __ssprint_r
 .text._memalign_r
                0x0011204c      0x14c /opt/devkitpro/devkitARM/bin/../lib/gcc/arm-none-eabi/13.2.0/../../../../arm-none-eabi/lib/armv6k/fpu/libg.a(libc_a-malignr.o)
                0x0011204c                _memalign_r
 .text.memchr   0x00112198       0xe0 /opt/devkitpro/devkitARM/bin/../lib/gcc/arm-none-eabi/13.2.0/../../../../arm-none-eabi/lib/armv6k/fpu/libg.a(libc_a-memchr-stub.o)
                0x00112198                memchr
 .text._wcsnrtombs_l
                0x00112278      0x188 /opt/devkitpro/devkitARM/bin/../lib/gcc/arm-none-eabi/13.2.0/../../../../arm-none-eabi/lib/armv6k/fpu/libg.a(libc_a-wcsnrtombs.o)
                0x00112278                _wcsnrtombs_l
 .text._wcsnrtombs_r
                0x00112400       0x64 /opt/devkitpro/devkitARM/bin/../lib/gcc/arm-none-eabi/13.2.0/../../../../arm-none-eabi/lib/armv6k/fpu/libg.a(libc_a-wcsnrtombs.o)
                0x00112400                _wcsnrtombs_r
 .text.__utf8_mbtowc
                0x00112464      0x2f8 /opt/devkitpro/devkitARM/bin/../lib/gcc/arm-none-eabi/13.2.0/../../../../arm-none-eabi/lib/armv6k/fpu/libg.a(libc_a-mbtowc_r.o)
                0x00112464                __utf8_mbtowc
 .text.__sread  0x0011275c       0x44 /opt/devkitpro/devkitARM/bin/../lib/gcc/arm-none-eabi/13.2.0/../../../../arm-none-eabi/lib/armv6k/fpu/libg.a(libc_a-stdio.o)
                0x0011275c                __sread
 .text.__swrite
                0x001127a0       0x68 /opt/devkitpro/devkitARM/bin/../lib/gcc/arm-none-eabi/13.2.0/../../../../arm-none-eabi/lib/armv6k/fpu/libg.a(libc_a-stdio.o)
                0x001127a0                __swrite
 .text.__sseek  0x00112808       0x44 /opt/devkitpro/devkitARM/bin/../lib/gcc/arm-none-eabi/13.2.0/../../../../arm-none-eabi/lib/armv6k/fpu/libg.a(libc_a-stdio.o)
                0x00112808                __sseek
 .text.__sclose
                0x0011284c        0x8 /opt/devkitpro/devkitARM/bin/../lib/gcc/arm-none-eabi/13.2.0/../../../../arm-none-eabi/lib/armv6k/fpu/libg.a(libc_a-stdio.o)
                0x0011284c                __sclose
 .text._fclose_r
                0x00112854      0x148 /opt/devkitpro/devkitARM/bin/../lib/gcc/arm-none-eabi/13.2.0/../../../../arm-none-eabi/lib/armv6k/fpu/libg.a(libc_a-fclose.o)
                0x00112854                _fclose_r
 .text._localeconv_r
                0x0011299c       0x24 /opt/devkitpro/devkitARM/bin/../lib/gcc/arm-none-eabi/13.2.0/../../../../arm-none-eabi/lib/armv6k/fpu/libg.a(libc_a-localeconv.o)
                0x0011299c                _localeconv_r
 .text.get_arg  0x001129c0      0x64c /opt/devkitpro/devkitARM/bin/../lib/gcc/arm-none-eabi/13.2.0/../../../../arm-none-eabi/lib/armv6k/fpu/libg.a(libc_a-vfprintf.o)
 *fill*         0x0011300c        0x4 
 .text._vfprintf_r
                0x00113010     0x3378 /opt/devkitpro/devkitARM/bin/../lib/gcc/arm-none-eabi/13.2.0/../../../../arm-none-eabi/lib/armv6k/fpu/libg.a(libc_a-vfprintf.o)
                0x00113010                _vfprintf_r
 .text.__sbprintf
                0x00116388       0xb8 /opt/devkitpro/devkitARM/bin/../lib/gcc/arm-none-eabi/13.2.0/../../../../arm-none-eabi/lib/armv6k/fpu/libg.a(libc_a-vfprintf.o)
 .text.__smakebuf_r
                0x00116440      0x12c /opt/devkitpro/devkitARM/bin/../lib/gcc/arm-none-eabi/13.2.0/../../../../arm-none-eabi/lib/armv6k/fpu/libg.a(libc_a-makebuf.o)
                0x00116440                __smakebuf_r
 .text.__swhatbuf_r
                0x0011656c       0x8c /opt/devkitpro/devkitARM/bin/../lib/gcc/arm-none-eabi/13.2.0/../../../../arm-none-eabi/lib/armv6k/fpu/libg.a(libc_a-makebuf.o)
                0x0011656c                __swhatbuf_r
 .text.quorem   0x001165f8      0x1b4 /opt/devkitpro/devkitARM/bin/../lib/gcc/arm-none-eabi/13.2.0/../../../../arm-none-eabi/lib/armv6k/fpu/libg.a(libc_a-dtoa.o)
 *fill*         0x001167ac        0x4 
 .text._dtoa_r  0x001167b0     0x1218 /opt/devkitpro/devkitARM/bin/../lib/gcc/arm-none-eabi/13.2.0/../../../../arm-none-eabi/lib/armv6k/fpu/libg.a(libc_a-dtoa.o)
                0x001167b0                _dtoa_r
 .text._wcrtomb_r
                0x001179c8       0xa0 /opt/devkitpro/devkitARM/bin/../lib/gcc/arm-none-eabi/13.2.0/../../../../arm-none-eabi/lib/armv6k/fpu/libg.a(libc_a-wcrtomb.o)
                0x001179c8                _wcrtomb_r
 .text.__register_exitproc
                0x00117a68       0xb0 /opt/devkitpro/devkitARM/bin/../lib/gcc/arm-none-eabi/13.2.0/../../../../arm-none-eabi/lib/armv6k/fpu/libg.a(libc_a-__atexit.o)
                0x00117a68                __register_exitproc
 .text._realloc_r
                0x00117b18      0x4a0 /opt/devkitpro/devkitARM/bin/../lib/gcc/arm-none-eabi/13.2.0/../../../../arm-none-eabi/lib/armv6k/fpu/libg.a(libc_a-reallocr.o)
                0x00117b18                _realloc_r
 .text.__ssputs_r
                0x00117fb8      0x128 /opt/devkitpro/devkitARM/bin/../lib/gcc/arm-none-eabi/13.2.0/../../../../arm-none-eabi/lib/armv6k/fpu/libg.a(libc_a-ssputs_r.o)
                0x00117fb8                __ssputs_r
 .text.__utf8_wctomb
                0x001180e0       0xf0 /opt/devkitpro/devkitARM/bin/../lib/gcc/arm-none-eabi/13.2.0/../../../../arm-none-eabi/lib/armv6k/fpu/libg.a(libc_a-wctomb_r.o)
                0x001180e0                __utf8_wctomb
 .text.__swsetup_r
                0x001181d0      0x138 /opt/devkitpro/devkitARM/bin/../lib/gcc/arm-none-eabi/13.2.0/../../../../arm-none-eabi/lib/armv6k/fpu/libg.a(libc_a-wsetup.o)
                0x001181d0                __swsetup_r
 .text.strchr   0x00118308      0x130 /opt/devkitpro/devkitARM/bin/../lib/gcc/arm-none-eabi/13.2.0/../../../../arm-none-eabi/lib/armv6k/fpu/libg.a(libc_a-strchr.o)
                0x00118308                strchr
 .text.memmove  0x00118438      0x150 /opt/devkitpro/devkitARM/bin/../lib/gcc/arm-none-eabi/13.2.0/../../../../arm-none-eabi/lib/armv6k/fpu/libg.a(libc_a-memmove.o)
                0x00118438                memmove
 .text.__assert_func
                0x00118588       0x5c /opt/devkitpro/devkitARM/bin/../lib/gcc/arm-none-eabi/13.2.0/../../../../arm-none-eabi/lib/armv6k/fpu/libg.a(libc_a-assert.o)
                0x00118588                __assert_func
 .text._Balloc  0x001185e4       0x88 /opt/devkitpro/devkitARM/bin/../lib/gcc/arm-none-eabi/13.2.0/../../../../arm-none-eabi/lib/armv6k/fpu/libg.a(libc_a-mprec.o)
                0x001185e4                _Balloc
 .text._Bfree   0x0011866c       0x1c /opt/devkitpro/devkitARM/bin/../lib/gcc/arm-none-eabi/13.2.0/../../../../arm-none-eabi/lib/armv6k/fpu/libg.a(libc_a-mprec.o)
                0x0011866c                _Bfree
 .text.__multadd
                0x00118688       0xf4 /opt/devkitpro/devkitARM/bin/../lib/gcc/arm-none-eabi/13.2.0/../../../../arm-none-eabi/lib/armv6k/fpu/libg.a(libc_a-mprec.o)
                0x00118688                __multadd
 .text.__hi0bits
                0x0011877c       0x60 /opt/devkitpro/devkitARM/bin/../lib/gcc/arm-none-eabi/13.2.0/../../../../arm-none-eabi/lib/armv6k/fpu/libg.a(libc_a-mprec.o)
                0x0011877c                __hi0bits
 .text.__lo0bits
                0x001187dc       0x9c /opt/devkitpro/devkitARM/bin/../lib/gcc/arm-none-eabi/13.2.0/../../../../arm-none-eabi/lib/armv6k/fpu/libg.a(libc_a-mprec.o)
                0x001187dc                __lo0bits
 .text.__i2b    0x00118878       0xa4 /opt/devkitpro/devkitARM/bin/../lib/gcc/arm-none-eabi/13.2.0/../../../../arm-none-eabi/lib/armv6k/fpu/libg.a(libc_a-mprec.o)
                0x00118878                __i2b
 .text.__multiply
                0x0011891c      0x204 /opt/devkitpro/devkitARM/bin/../lib/gcc/arm-none-eabi/13.2.0/../../../../arm-none-eabi/lib/armv6k/fpu/libg.a(libc_a-mprec.o)
                0x0011891c                __multiply
 .text.__pow5mult
                0x00118b20      0x128 /opt/devkitpro/devkitARM/bin/../lib/gcc/arm-none-eabi/13.2.0/../../../../arm-none-eabi/lib/armv6k/fpu/libg.a(libc_a-mprec.o)
                0x00118b20                __pow5mult
 .text.__lshift
                0x00118c48      0x140 /opt/devkitpro/devkitARM/bin/../lib/gcc/arm-none-eabi/13.2.0/../../../../arm-none-eabi/lib/armv6k/fpu/libg.a(libc_a-mprec.o)
                0x00118c48                __lshift
 .text.__mcmp   0x00118d88       0x58 /opt/devkitpro/devkitARM/bin/../lib/gcc/arm-none-eabi/13.2.0/../../../../arm-none-eabi/lib/armv6k/fpu/libg.a(libc_a-mprec.o)
                0x00118d88                __mcmp
 .text.__mdiff  0x00118de0      0x1fc /opt/devkitpro/devkitARM/bin/../lib/gcc/arm-none-eabi/13.2.0/../../../../arm-none-eabi/lib/armv6k/fpu/libg.a(libc_a-mprec.o)
                0x00118de0                __mdiff
 .text.__d2b    0x00118fdc      0x124 /opt/devkitpro/devkitARM/bin/../lib/gcc/arm-none-eabi/13.2.0/../../../../arm-none-eabi/lib/armv6k/fpu/libg.a(libc_a-mprec.o)
                0x00118fdc                __d2b
 .text.fiprintf
                0x00119100       0x3c /opt/devkitpro/devkitARM/bin/../lib/gcc/arm-none-eabi/13.2.0/../../../../arm-none-eabi/lib/armv6k/fpu/libg.a(libc_a-fiprintf.o)
                0x00119100                fiprintf
 .text.__sprint_r
                0x0011913c       0x30 /opt/devkitpro/devkitARM/bin/../lib/gcc/arm-none-eabi/13.2.0/../../../../arm-none-eabi/lib/armv6k/fpu/libg.a(libc_a-sprint_r.o)
                0x0011913c                __sprint_r
 .text.abort    0x0011916c       0x14 /opt/devkitpro/devkitARM/bin/../lib/gcc/arm-none-eabi/13.2.0/../../../../arm-none-eabi/lib/armv6k/fpu/libg.a(libc_a-abort.o)
                0x0011916c                abort
 .text._calloc_r
                0x00119180       0xc0 /opt/devkitpro/devkitARM/bin/../lib/gcc/arm-none-eabi/13.2.0/../../../../arm-none-eabi/lib/armv6k/fpu/libg.a(libc_a-callocr.o)
                0x00119180                _calloc_r
 .text.__call_exitprocs
                0x00119240      0x12c /opt/devkitpro/devkitARM/bin/../lib/gcc/arm-none-eabi/13.2.0/../../../../arm-none-eabi/lib/armv6k/fpu/libg.a(libc_a-__call_atexit.o)
                0x00119240                __call_exitprocs
 .text._raise_r
                0x0011936c       0x90 /opt/devkitpro/devkitARM/bin/../lib/gcc/arm-none-eabi/13.2.0/../../../../arm-none-eabi/lib/armv6k/fpu/libg.a(libc_a-signal.o)
                0x0011936c                _raise_r
 .text.raise    0x001193fc       0x18 /opt/devkitpro/devkitARM/bin/../lib/gcc/arm-none-eabi/13.2.0/../../../../arm-none-eabi/lib/armv6k/fpu/libg.a(libc_a-signal.o)
                0x001193fc                raise
 .text.get_arg  0x00119414      0x64c /opt/devkitpro/devkitARM/bin/../lib/gcc/arm-none-eabi/13.2.0/../../../../arm-none-eabi/lib/armv6k/fpu/libg.a(libc_a-vfiprintf.o)
 .text._vfiprintf_r
                0x00119a60     0x2300 /opt/devkitpro/devkitARM/bin/../lib/gcc/arm-none-eabi/13.2.0/../../../../arm-none-eabi/lib/armv6k/fpu/libg.a(libc_a-vfiprintf.o)
                0x00119a60                _vfiprintf_r
 .text.__sbprintf
                0x0011bd60       0xb8 /opt/devkitpro/devkitARM/bin/../lib/gcc/arm-none-eabi/13.2.0/../../../../arm-none-eabi/lib/armv6k/fpu/libg.a(libc_a-vfiprintf.o)
 .text._exit    0x0011be18       0x20 /opt/devkitpro/devkitARM/bin/../lib/gcc/arm-none-eabi/13.2.0/../../../../arm-none-eabi/lib/armv6k/fpu/libsysbase.a(libsysbase_libsysbase_a-_exit.o)
                0x0011be18                _exit
 .text.chdir    0x0011be38      0x13c /opt/devkitpro/devkitARM/bin/../lib/gcc/arm-none-eabi/13.2.0/../../../../arm-none-eabi/lib/armv6k/fpu/libsysbase.a(libsysbase_libsysbase_a-chdir.o)
                0x0011be38                chdir
 .text._concatenate_path
                0x0011bf74      0x1cc /opt/devkitpro/devkitARM/bin/../lib/gcc/arm-none-eabi/13.2.0/../../../../arm-none-eabi/lib/armv6k/fpu/libsysbase.a(libsysbase_libsysbase_a-concatenate.o)
                0x0011bf74                _concatenate_path
 .text._fstat_r
                0x0011c140       0x78 /opt/devkitpro/devkitARM/bin/../lib/gcc/arm-none-eabi/13.2.0/../../../../arm-none-eabi/lib/armv6k/fpu/libsysbase.a(libsysbase_libsysbase_a-fstat.o)
                0x0011c140                _fstat_r
 .text._getpid_r
                0x0011c1b8       0x14 /opt/devkitpro/devkitARM/bin/../lib/gcc/arm-none-eabi/13.2.0/../../../../arm-none-eabi/lib/armv6k/fpu/libsysbase.a(libsysbase_libsysbase_a-getpid.o)
                0x0011c1b8                _getpid_r
 .text.__getreent
                0x0011c1cc       0x2c /opt/devkitpro/devkitARM/bin/../lib/gcc/arm-none-eabi/13.2.0/../../../../arm-none-eabi/lib/armv6k/fpu/libsysbase.a(libsysbase_libsysbase_a-getreent.o)
                0x0011c1cc                __getreent
 .text.__release_handle
                0x0011c1f8       0x8c /opt/devkitpro/devkitARM/bin/../lib/gcc/arm-none-eabi/13.2.0/../../../../arm-none-eabi/lib/armv6k/fpu/libsysbase.a(libsysbase_libsysbase_a-handle_manager.o)
                0x0011c1f8                __release_handle
 .text.__alloc_handle
                0x0011c284       0xb0 /opt/devkitpro/devkitARM/bin/../lib/gcc/arm-none-eabi/13.2.0/../../../../arm-none-eabi/lib/armv6k/fpu/libsysbase.a(libsysbase_libsysbase_a-handle_manager.o)
                0x0011c284                __alloc_handle
 .text.__get_handle
                0x0011c334       0x3c /opt/devkitpro/devkitARM/bin/../lib/gcc/arm-none-eabi/13.2.0/../../../../arm-none-eabi/lib/armv6k/fpu/libsysbase.a(libsysbase_libsysbase_a-handle_manager.o)
                0x0011c334                __get_handle
 .text._close_r
                0x0011c370       0xf4 /opt/devkitpro/devkitARM/bin/../lib/gcc/arm-none-eabi/13.2.0/../../../../arm-none-eabi/lib/armv6k/fpu/libsysbase.a(libsysbase_libsysbase_a-handle_manager.o)
                0x0011c370                _close_r
 .text.null_write
                0x0011c464        0x8 /opt/devkitpro/devkitARM/bin/../lib/gcc/arm-none-eabi/13.2.0/../../../../arm-none-eabi/lib/armv6k/fpu/libsysbase.a(libsysbase_libsysbase_a-iosupport.o)
 .text.setDefaultDevice
                0x0011c46c       0x18 /opt/devkitpro/devkitARM/bin/../lib/gcc/arm-none-eabi/13.2.0/../../../../arm-none-eabi/lib/armv6k/fpu/libsysbase.a(libsysbase_libsysbase_a-iosupport.o)
                0x0011c46c                setDefaultDevice
 .text.FindDevice
                0x0011c484       0xc8 /opt/devkitpro/devkitARM/bin/../lib/gcc/arm-none-eabi/13.2.0/../../../../arm-none-eabi/lib/armv6k/fpu/libsysbase.a(libsysbase_libsysbase_a-iosupport.o)
                0x0011c484                FindDevice
 .text.RemoveDevice
                0x0011c54c       0x28 /opt/devkitpro/devkitARM/bin/../lib/gcc/arm-none-eabi/13.2.0/../../../../arm-none-eabi/lib/armv6k/fpu/libsysbase.a(libsysbase_libsysbase_a-iosupport.o)
                0x0011c54c                RemoveDevice
 .text.AddDevice
                0x0011c574       0x9c /opt/devkitpro/devkitARM/bin/../lib/gcc/arm-none-eabi/13.2.0/../../../../arm-none-eabi/lib/armv6k/fpu/libsysbase.a(libsysbase_libsysbase_a-iosupport.o)
                0x0011c574                AddDevice
 .text.GetDeviceOpTab
                0x0011c610       0x20 /opt/devkitpro/devkitARM/bin/../lib/gcc/arm-none-eabi/13.2.0/../../../../arm-none-eabi/lib/armv6k/fpu/libsysbase.a(libsysbase_libsysbase_a-iosupport.o)
                0x0011c610                GetDeviceOpTab
 .text._isatty_r
                0x0011c630        0x8 /opt/devkitpro/devkitARM/bin/../lib/gcc/arm-none-eabi/13.2.0/../../../../arm-none-eabi/lib/armv6k/fpu/libsysbase.a(libsysbase_libsysbase_a-isatty.o)
                0x0011c630                _isatty_r
 .text._kill_r  0x0011c638       0x14 /opt/devkitpro/devkitARM/bin/../lib/gcc/arm-none-eabi/13.2.0/../../../../arm-none-eabi/lib/armv6k/fpu/libsysbase.a(libsysbase_libsysbase_a-kill.o)
                0x0011c638                _kill_r
 .text._lseek_r
                0x0011c64c       0x84 /opt/devkitpro/devkitARM/bin/../lib/gcc/arm-none-eabi/13.2.0/../../../../arm-none-eabi/lib/armv6k/fpu/libsysbase.a(libsysbase_libsysbase_a-lseek.o)
                0x0011c64c                _lseek_r
 .text._read_r  0x0011c6d0       0x80 /opt/devkitpro/devkitARM/bin/../lib/gcc/arm-none-eabi/13.2.0/../../../../arm-none-eabi/lib/armv6k/fpu/libsysbase.a(libsysbase_libsysbase_a-read.o)
                0x0011c6d0                _read_r
 .text._sbrk_r  0x0011c750       0x78 /opt/devkitpro/devkitARM/bin/../lib/gcc/arm-none-eabi/13.2.0/../../../../arm-none-eabi/lib/armv6k/fpu/libsysbase.a(libsysbase_libsysbase_a-sbrk.o)
                0x0011c750                _sbrk_r
 .text.__libc_lock_acquire
                0x0011c7c8       0x1c /opt/devkitpro/devkitARM/bin/../lib/gcc/arm-none-eabi/13.2.0/../../../../arm-none-eabi/lib/armv6k/fpu/libsysbase.a(libsysbase_libsysbase_a-syscall_support.o)
                0x0011c7c8                __libc_lock_acquire
 .text.__libc_lock_release
                0x0011c7e4       0x1c /opt/devkitpro/devkitARM/bin/../lib/gcc/arm-none-eabi/13.2.0/../../../../arm-none-eabi/lib/armv6k/fpu/libsysbase.a(libsysbase_libsysbase_a-syscall_support.o)
                0x0011c7e4                __libc_lock_release
 .text.__libc_lock_acquire_recursive
                0x0011c800       0x1c /opt/devkitpro/devkitARM/bin/../lib/gcc/arm-none-eabi/13.2.0/../../../../arm-none-eabi/lib/armv6k/fpu/libsysbase.a(libsysbase_libsysbase_a-syscall_support.o)
                0x0011c800                __libc_lock_acquire_recursive
 .text.__libc_lock_release_recursive
                0x0011c81c       0x1c /opt/devkitpro/devkitARM/bin/../lib/gcc/arm-none-eabi/13.2.0/../../../../arm-none-eabi/lib/armv6k/fpu/libsysbase.a(libsysbase_libsysbase_a-syscall_support.o)
                0x0011c81c                __libc_lock_release_recursive
 .text._write_r
                0x0011c838       0x80 /opt/devkitpro/devkitARM/bin/../lib/gcc/arm-none-eabi/13.2.0/../../../../arm-none-eabi/lib/armv6k/fpu/libsysbase.a(libsysbase_libsysbase_a-write.o)
                0x0011c838                _write_r
 .text.strrchr  0x0011c8b8       0x48 /opt/devkitpro/devkitARM/bin/../lib/gcc/arm-none-eabi/13.2.0/../../../../arm-none-eabi/lib/armv6k/fpu/libg.a(libc_a-strrchr.o)
                0x0011c8b8                strrchr
 *(.glue_7)
 .glue_7        0x0011c900        0x0 linker stubs
 *(.glue_7t)
 .glue_7t       0x0011c900        0x0 linker stubs
 *(.stub)
 *(.gnu.warning)
 *(.gnu.linkonce.t*)
                0x0011c900                        . = ALIGN (0x4)
 *(.fini)
 .fini          0x0011c900        0xc /opt/devkitpro/devkitARM/bin/../lib/gcc/arm-none-eabi/13.2.0/armv6k/fpu/crti.o
                0x0011c900                _fini
 .fini          0x0011c90c        0xc /opt/devkitpro/devkitARM/bin/../lib/gcc/arm-none-eabi/13.2.0/armv6k/fpu/crtn.o
                0x0011c918                        . = ALIGN (0x4)

.vfp11_veneer   0x0011c918        0x0
 .vfp11_veneer  0x0011c918        0x0 linker stubs

.v4_bx          0x0011c918        0x0
 .v4_bx         0x0011c918        0x0 linker stubs

.iplt           0x0011c918        0x0
 .iplt          0x0011c918        0x0 /opt/devkitpro/devkitARM/bin/../lib/gcc/arm-none-eabi/13.2.0/../../../../arm-none-eabi/lib/armv6k/fpu/3dsx_crt0.o
                0x0011d000                        . = ALIGN (0x1000)

.rodata         0x0011d000     0x1a2c
 *(.rodata)
 .rodata        0x0011d000      0x14b main.o
 *fill*         0x0011d14b        0x1 
 .rodata        0x0011d14c        0xc /opt/devkitpro//libctru/lib/libctru.a(archive_dev.o)
 *(.roda)
 *(.rodata.*)
 .rodata.str1.4
                0x0011d158      0x9ef main.o
                                0x108 (size before relaxing)
 .rodata.str1.4
                0x0011db47       0x10 /opt/devkitpro//libctru/lib/libctru.a(console.o)
 *fill*         0x0011db47        0x1 
 .rodata.dotab_stdout
                0x0011db48       0x80 /opt/devkitpro//libctru/lib/libctru.a(console.o)
 .rodata.grayScale
                0x0011dbc8       0x18 /opt/devkitpro//libctru/lib/libctru.a(console.o)
 .rodata.colorCube
                0x0011dbe0        0x6 /opt/devkitpro//libctru/lib/libctru.a(console.o)
 *fill*         0x0011dbe6        0x2 
 .rodata.colorTable
                0x0011dbe8       0x30 /opt/devkitpro//libctru/lib/libctru.a(console.o)
 .rodata.aptSendCommand.str1.4
                0x0011dc18       0x16 /opt/devkitpro//libctru/lib/libctru.a(apt.o)
 .rodata.morton_y.2
                0x0011dc18        0x8 /opt/devkitpro//libctru/lib/libctru.a(apt.o)
 .rodata.morton_x.3
                0x0011dc20        0x8 /opt/devkitpro//libctru/lib/libctru.a(apt.o)
 .rodata.s_sleepWakeEvents.4
                0x0011dc28        0x8 /opt/devkitpro//libctru/lib/libctru.a(apt.o)
 .rodata.gspInit.str1.4
                0x0011dc30        0x9 /opt/devkitpro//libctru/lib/libctru.a(gspgpu.o)
 .rodata.hidInit.str1.4
                0x0011dc30       0x15 /opt/devkitpro//libctru/lib/libctru.a(hid.o)
 .rodata.irrstInit.str1.4
                0x0011dc30        0x7 /opt/devkitpro//libctru/lib/libctru.a(irrst.o)
 .rodata.accept.str1.4
                0x0011dc30        0x9 /opt/devkitpro//libctru/lib/libctru.a(soc_accept.o)
 .rodata.bind.str1.4
                0x0011dc30        0x4 /opt/devkitpro//libctru/lib/libctru.a(soc_bind.o)
 .rodata._net_error_code_map
                0x0011dc30       0x4d /opt/devkitpro//libctru/lib/libctru.a(soc_common.o)
 .rodata.fcntl.str1.4
                0x0011dc7d        0x4 /opt/devkitpro//libctru/lib/libctru.a(soc_fcntl.o)
 .rodata.socInit.str1.4
                0x0011dc7d        0xe /opt/devkitpro//libctru/lib/libctru.a(soc_init.o)
 .rodata.str1.4
                0x0011dc7d        0x4 /opt/devkitpro//libctru/lib/libctru.a(soc_init.o)
 .rodata.listen.str1.4
                0x0011dc7d        0x4 /opt/devkitpro//libctru/lib/libctru.a(soc_listen.o)
 .rodata.recvfrom.str1.4
                0x0011dc7d        0x4 /opt/devkitpro//libctru/lib/libctru.a(soc_recvfrom.o)
 .rodata.sendto.str1.4
                0x0011dc7d        0x4 /opt/devkitpro//libctru/lib/libctru.a(soc_sendto.o)
 .rodata.socket.str1.4
                0x0011dc7d        0x5 /opt/devkitpro//libctru/lib/libctru.a(soc_socket.o)
 .rodata.__system_initArgv.str1.4
                0x0011dc7d        0xa /opt/devkitpro//libctru/lib/libctru.a(initArgv.o)
 *fill*         0x0011dc7d        0x3 
 .rodata.default_font_bin
                0x0011dc80      0x800 /opt/devkitpro//libctru/lib/libctru.a(default_font.bin.o)
                0x0011dc80                default_font_bin
                0x0011e480                default_font_bin_end
 .rodata.srvInit.str1.4
                0x0011e480        0x5 /opt/devkitpro//libctru/lib/libctru.a(srv.o)
 .rodata.ptmSysmInit.str1.4
                0x0011e480        0x9 /opt/devkitpro//libctru/lib/libctru.a(ptmsysm.o)
 .rodata.archive_utf16path.str1.4
                0x0011e480        0x2 /opt/devkitpro//libctru/lib/libctru.a(archive_dev.o)
 .rodata._archiveUnmountDeviceStruct.part.0.str1.4
                0x0011e480        0x2 /opt/devkitpro//libctru/lib/libctru.a(archive_dev.o)
 .rodata._archiveMountDevice.str1.4
                0x0011e480        0xc /opt/devkitpro//libctru/lib/libctru.a(archive_dev.o)
 .rodata.archiveMountSdmc.str1.4
                0x0011e480        0x5 /opt/devkitpro//libctru/lib/libctru.a(archive_dev.o)
 .rodata.error_table
                0x0011e480       0x30 /opt/devkitpro//libctru/lib/libctru.a(archive_dev.o)
 .rodata.str1.4
                0x0011e4b0        0x8 /opt/devkitpro//libctru/lib/libctru.a(archive_dev.o)
 .rodata.archive_devoptab
                0x0011e4b0       0x80 /opt/devkitpro//libctru/lib/libctru.a(archive_dev.o)
 .rodata.fsInit.str1.4
                0x0011e530        0x8 /opt/devkitpro//libctru/lib/libctru.a(fs.o)
 .rodata._strerror_r.str1.4
                0x0011e530      0x701 /opt/devkitpro/devkitARM/bin/../lib/gcc/arm-none-eabi/13.2.0/../../../../arm-none-eabi/lib/armv6k/fpu/libg.a(libc_a-strerror.o)
 .rodata._svfprintf_r.str1.1
                0x0011e530       0x3b /opt/devkitpro/devkitARM/bin/../lib/gcc/arm-none-eabi/13.2.0/../../../../arm-none-eabi/lib/armv6k/fpu/libg.a(libc_a-svfprintf.o)
 *fill*         0x0011e56b        0x1 
 .rodata.zeroes.0
                0x0011e56c       0x10 /opt/devkitpro/devkitARM/bin/../lib/gcc/arm-none-eabi/13.2.0/../../../../arm-none-eabi/lib/armv6k/fpu/libg.a(libc_a-svfprintf.o)
 .rodata.blanks.1
                0x0011e57c       0x10 /opt/devkitpro/devkitARM/bin/../lib/gcc/arm-none-eabi/13.2.0/../../../../arm-none-eabi/lib/armv6k/fpu/libg.a(libc_a-svfprintf.o)
 .rodata._ctype_
                0x0011e58c      0x101 /opt/devkitpro/devkitARM/bin/../lib/gcc/arm-none-eabi/13.2.0/../../../../arm-none-eabi/lib/armv6k/fpu/libg.a(libc_a-ctype_.o)
                0x0011e58c                _ctype_
 .rodata._puts_r.str1.4
                0x0011e68d        0x2 /opt/devkitpro/devkitARM/bin/../lib/gcc/arm-none-eabi/13.2.0/../../../../arm-none-eabi/lib/armv6k/fpu/libg.a(libc_a-puts.o)
 *fill*         0x0011e68d        0x3 
 .rodata.__action_table
                0x0011e690       0x6c /opt/devkitpro/devkitARM/bin/../lib/gcc/arm-none-eabi/13.2.0/../../../../arm-none-eabi/lib/armv6k/fpu/libg.a(libc_a-svfiprintf.o)
                0x0011e690                __action_table
 .rodata.__state_table
                0x0011e6fc       0x6c /opt/devkitpro/devkitARM/bin/../lib/gcc/arm-none-eabi/13.2.0/../../../../arm-none-eabi/lib/armv6k/fpu/libg.a(libc_a-svfiprintf.o)
                0x0011e6fc                __state_table
 .rodata.__chclass
                0x0011e768      0x100 /opt/devkitpro/devkitARM/bin/../lib/gcc/arm-none-eabi/13.2.0/../../../../arm-none-eabi/lib/armv6k/fpu/libg.a(libc_a-svfiprintf.o)
                0x0011e768                __chclass
 .rodata.str1.4
                0x0011e868       0x4c /opt/devkitpro/devkitARM/bin/../lib/gcc/arm-none-eabi/13.2.0/../../../../arm-none-eabi/lib/armv6k/fpu/libg.a(libc_a-locale.o)
 .rodata._vfprintf_r.str1.1
                0x0011e868       0x3b /opt/devkitpro/devkitARM/bin/../lib/gcc/arm-none-eabi/13.2.0/../../../../arm-none-eabi/lib/armv6k/fpu/libg.a(libc_a-vfprintf.o)
 .rodata.zeroes.0
                0x0011e868       0x10 /opt/devkitpro/devkitARM/bin/../lib/gcc/arm-none-eabi/13.2.0/../../../../arm-none-eabi/lib/armv6k/fpu/libg.a(libc_a-vfprintf.o)
 .rodata.blanks.1
                0x0011e878       0x10 /opt/devkitpro/devkitARM/bin/../lib/gcc/arm-none-eabi/13.2.0/../../../../arm-none-eabi/lib/armv6k/fpu/libg.a(libc_a-vfprintf.o)
 .rodata._dtoa_r.str1.4
                0x0011e888       0x6a /opt/devkitpro/devkitARM/bin/../lib/gcc/arm-none-eabi/13.2.0/../../../../arm-none-eabi/lib/armv6k/fpu/libg.a(libc_a-dtoa.o)
 .rodata.__assert_func.str1.4
                0x0011e888       0x43 /opt/devkitpro/devkitARM/bin/../lib/gcc/arm-none-eabi/13.2.0/../../../../arm-none-eabi/lib/armv6k/fpu/libg.a(libc_a-assert.o)
 .rodata.__multadd.str1.4
                0x0011e888       0x57 /opt/devkitpro/devkitARM/bin/../lib/gcc/arm-none-eabi/13.2.0/../../../../arm-none-eabi/lib/armv6k/fpu/libg.a(libc_a-mprec.o)
 .rodata.p05.0  0x0011e888        0xc /opt/devkitpro/devkitARM/bin/../lib/gcc/arm-none-eabi/13.2.0/../../../../arm-none-eabi/lib/armv6k/fpu/libg.a(libc_a-mprec.o)
 *fill*         0x0011e894        0x4 
 .rodata.__mprec_bigtens
                0x0011e898       0x28 /opt/devkitpro/devkitARM/bin/../lib/gcc/arm-none-eabi/13.2.0/../../../../arm-none-eabi/lib/armv6k/fpu/libg.a(libc_a-mprec.o)
                0x0011e898                __mprec_bigtens
 .rodata.__mprec_tens
                0x0011e8c0       0xc8 /opt/devkitpro/devkitARM/bin/../lib/gcc/arm-none-eabi/13.2.0/../../../../arm-none-eabi/lib/armv6k/fpu/libg.a(libc_a-mprec.o)
                0x0011e8c0                __mprec_tens
 .rodata._vfiprintf_r.str1.1
                0x0011e988       0x29 /opt/devkitpro/devkitARM/bin/../lib/gcc/arm-none-eabi/13.2.0/../../../../arm-none-eabi/lib/armv6k/fpu/libg.a(libc_a-vfiprintf.o)
 .rodata.zeroes.0
                0x0011e988       0x10 /opt/devkitpro/devkitARM/bin/../lib/gcc/arm-none-eabi/13.2.0/../../../../arm-none-eabi/lib/armv6k/fpu/libg.a(libc_a-vfiprintf.o)
 .rodata.blanks.1
                0x0011e998       0x10 /opt/devkitpro/devkitARM/bin/../lib/gcc/arm-none-eabi/13.2.0/../../../../arm-none-eabi/lib/armv6k/fpu/libg.a(libc_a-vfiprintf.o)
 .rodata.AddDevice.str1.4
                0x0011e9a8        0x8 /opt/devkitpro/devkitARM/bin/../lib/gcc/arm-none-eabi/13.2.0/../../../../arm-none-eabi/lib/armv6k/fpu/libsysbase.a(libsysbase_libsysbase_a-iosupport.o)
 .rodata.dotab_stdnull
                0x0011e9a8       0x80 /opt/devkitpro/devkitARM/bin/../lib/gcc/arm-none-eabi/13.2.0/../../../../arm-none-eabi/lib/armv6k/fpu/libsysbase.a(libsysbase_libsysbase_a-iosupport.o)
                0x0011e9a8                dotab_stdnull
 *all.rodata*(*)
 *(.gnu.linkonce.r*)
                0x0011ea28                        . = ALIGN (0x4)
                0x0011ea28                        __tdata_align = .
                0x0011ea28        0x4 LONG 0x4 ALIGNOF (.tdata)
                0x0011ea2c                        . = ALIGN (0x4)

.eh_frame       0x0011ea2c        0x0
 .eh_frame      0x0011ea2c        0x0 /opt/devkitpro/devkitARM/bin/../lib/gcc/arm-none-eabi/13.2.0/armv6k/fpu/crtbegin.o

.rel.dyn        0x0011ea2c        0x0
 .rel.iplt      0x0011ea2c        0x0 /opt/devkitpro/devkitARM/bin/../lib/gcc/arm-none-eabi/13.2.0/../../../../arm-none-eabi/lib/armv6k/fpu/3dsx_crt0.o
 .rel.got       0x0011ea2c        0x0 /opt/devkitpro/devkitARM/bin/../lib/gcc/arm-none-eabi/13.2.0/../../../../arm-none-eabi/lib/armv6k/fpu/3dsx_crt0.o

.ARM.extab
 *(.ARM.extab* .gnu.linkonce.armextab.*)
                0x0011ea2c                        __exidx_start = .

.ARM.exidx
 *(.ARM.exidx* .gnu.linkonce.armexidx.*)
                0x0011ea2c                        __exidx_end = .
                0x0011f000                        . = ALIGN (0x1000)

.data           0x0011f000     0x1c50
 *(.data)
 .data          0x0011f000        0x8 main.o
                0x0011f000                sock
                0x0011f004                csock
 *(.data.*)
 .data.firstConsoleInit.0
                0x0011f008        0x1 /opt/devkitpro//libctru/lib/libctru.a(console.o)
 *fill*         0x0011f009        0x3 
 .data.currentConsole
                0x0011f00c        0x4 /opt/devkitpro//libctru/lib/libctru.a(console.o)
                0x0011f00c                currentConsole
 .data.defaultConsole
                0x0011f010       0x48 /opt/devkitpro//libctru/lib/libctru.a(console.o)
                0x0011f010                defaultConsole
 .data.aptChainloadDeliverArgSize
                0x0011f058        0x4 /opt/devkitpro//libctru/lib/libctru.a(apt.o)
 .data.kCount   0x0011f05c        0x4 /opt/devkitpro//libctru/lib/libctru.a(hid.o)
 .data.kInterval
                0x0011f060        0x4 /opt/devkitpro//libctru/lib/libctru.a(hid.o)
 .data.kDelay   0x0011f064        0x4 /opt/devkitpro//libctru/lib/libctru.a(hid.o)
 .data.soc_devoptab
                0x0011f068       0x80 /opt/devkitpro//libctru/lib/libctru.a(soc_init.o)
 .data.__stacksize__
                0x0011f0e8        0x4 /opt/devkitpro//libctru/lib/libctru.a(stack_adjust.o)
                0x0011f0e8                __stacksize__
 .data._impure_ptr
                0x0011f0ec        0x4 /opt/devkitpro/devkitARM/bin/../lib/gcc/arm-none-eabi/13.2.0/../../../../arm-none-eabi/lib/armv6k/fpu/libg.a(libc_a-impure.o)
                0x0011f0ec                _impure_ptr
 .data._impure_data
                0x0011f0f0      0x120 /opt/devkitpro/devkitARM/bin/../lib/gcc/arm-none-eabi/13.2.0/../../../../arm-none-eabi/lib/armv6k/fpu/libg.a(libc_a-impure.o)
                0x0011f0f0                _impure_data
 .data.__sglue  0x0011f210        0xc /opt/devkitpro/devkitARM/bin/../lib/gcc/arm-none-eabi/13.2.0/../../../../arm-none-eabi/lib/armv6k/fpu/libg.a(libc_a-findfp.o)
                0x0011f210                __sglue
 .data.__malloc_sbrk_base
                0x0011f21c        0x4 /opt/devkitpro/devkitARM/bin/../lib/gcc/arm-none-eabi/13.2.0/../../../../arm-none-eabi/lib/armv6k/fpu/libg.a(libc_a-mallocr.o)
                0x0011f21c                __malloc_sbrk_base
 .data.__malloc_trim_threshold
                0x0011f220        0x4 /opt/devkitpro/devkitARM/bin/../lib/gcc/arm-none-eabi/13.2.0/../../../../arm-none-eabi/lib/armv6k/fpu/libg.a(libc_a-mallocr.o)
                0x0011f220                __malloc_trim_threshold
 *fill*         0x0011f224        0x4 
 .data.__malloc_av_
                0x0011f228      0x408 /opt/devkitpro/devkitARM/bin/../lib/gcc/arm-none-eabi/13.2.0/../../../../arm-none-eabi/lib/armv6k/fpu/libg.a(libc_a-mallocr.o)
                0x0011f228                __malloc_av_
 .data.__global_locale
                0x0011f630      0x16c /opt/devkitpro/devkitARM/bin/../lib/gcc/arm-none-eabi/13.2.0/../../../../arm-none-eabi/lib/armv6k/fpu/libg.a(libc_a-locale.o)
                0x0011f630                __global_locale
 .data._current_working_directory
                0x0011f79c      0x400 /opt/devkitpro/devkitARM/bin/../lib/gcc/arm-none-eabi/13.2.0/../../../../arm-none-eabi/lib/armv6k/fpu/libsysbase.a(libsysbase_libsysbase_a-chdir.o)
 .data.handles  0x0011fb9c     0x1000 /opt/devkitpro/devkitARM/bin/../lib/gcc/arm-none-eabi/13.2.0/../../../../arm-none-eabi/lib/armv6k/fpu/libsysbase.a(libsysbase_libsysbase_a-handle_manager.o)
 .data.__stderr_handle
                0x00120b9c        0xc /opt/devkitpro/devkitARM/bin/../lib/gcc/arm-none-eabi/13.2.0/../../../../arm-none-eabi/lib/armv6k/fpu/libsysbase.a(libsysbase_libsysbase_a-handle_manager.o)
 .data.__stdout_handle
                0x00120ba8        0xc /opt/devkitpro/devkitARM/bin/../lib/gcc/arm-none-eabi/13.2.0/../../../../arm-none-eabi/lib/armv6k/fpu/libsysbase.a(libsysbase_libsysbase_a-handle_manager.o)
 .data.__stdin_handle
                0x00120bb4        0xc /opt/devkitpro/devkitARM/bin/../lib/gcc/arm-none-eabi/13.2.0/../../../../arm-none-eabi/lib/armv6k/fpu/libsysbase.a(libsysbase_libsysbase_a-handle_manager.o)
 .data.devoptab_list
                0x00120bc0       0x8c /opt/devkitpro/devkitARM/bin/../lib/gcc/arm-none-eabi/13.2.0/../../../../arm-none-eabi/lib/armv6k/fpu/libsysbase.a(libsysbase_libsysbase_a-iosupport.o)
                0x00120bc0                devoptab_list
 .data.defaultDevice
                0x00120c4c        0x4 /opt/devkitpro/devkitARM/bin/../lib/gcc/arm-none-eabi/13.2.0/../../../../arm-none-eabi/lib/armv6k/fpu/libsysbase.a(libsysbase_libsysbase_a-iosupport.o)
 *(.gnu.linkonce.d*)
                0x00120c50                        . = ALIGN (0x4)

.igot.plt       0x00120c50        0x0
 .igot.plt      0x00120c50        0x0 /opt/devkitpro/devkitARM/bin/../lib/gcc/arm-none-eabi/13.2.0/../../../../arm-none-eabi/lib/armv6k/fpu/3dsx_crt0.o

.got            0x00120c50        0x8
 .got           0x00120c50        0x8 /opt/devkitpro/devkitARM/bin/../lib/gcc/arm-none-eabi/13.2.0/../../../../arm-none-eabi/lib/armv6k/fpu/3dsx_crt0.o

.got.plt        0x00120c58        0xc
 .got.plt       0x00120c58        0xc /opt/devkitpro/devkitARM/bin/../lib/gcc/arm-none-eabi/13.2.0/../../../../arm-none-eabi/lib/armv6k/fpu/3dsx_crt0.o
                0x00120c58                _GLOBAL_OFFSET_TABLE_

.tdata          0x00120c64        0x0
                0x00120c64                        __tdata_lma = .
 *(.tdata)
 *(.tdata.*)
 *(.gnu.linkonce.td.*)
                0x00120c64                        . = ALIGN (0x4)
                0x00120c64                        __tdata_lma_end = .

.tbss           0x00120c64      0xc08
 *(.tbss)
 *(.tbss.*)
 .tbss.__ctru_dev_utf16_buf
                0x00120c64      0x802 /opt/devkitpro//libctru/lib/libctru.a(path_buf.o)
                0x00120c64                __ctru_dev_utf16_buf
 *fill*         0x00121466        0x2 
 .tbss.__ctru_dev_path_buf
                0x00121468      0x401 /opt/devkitpro//libctru/lib/libctru.a(path_buf.o)
                0x00121468                __ctru_dev_path_buf
 *(.gnu.linkonce.tb.*)
 *(.tcommon)
                0x0012186c                        . = ALIGN (0x4)
 *fill*         0x00121869        0x3 

.preinit_array  0x00120c64        0x0
                0x00120c64                        PROVIDE (__preinit_array_start = .)
 *(.preinit_array)
                0x00120c64                        PROVIDE (__preinit_array_end = .)

.init_array     0x00120c64        0x4
                0x00120c64                        PROVIDE (__init_array_start = .)
 *(SORT_BY_NAME(.init_array.*))
 *(.init_array)
 .init_array    0x00120c64        0x4 /opt/devkitpro/devkitARM/bin/../lib/gcc/arm-none-eabi/13.2.0/armv6k/fpu/crtbegin.o
                0x00120c68                        PROVIDE (__init_array_end = .)

.fini_array     0x00120c68        0x4
                0x00120c68                        PROVIDE (__fini_array_start = .)
 *(.fini_array)
 .fini_array    0x00120c68        0x4 /opt/devkitpro/devkitARM/bin/../lib/gcc/arm-none-eabi/13.2.0/armv6k/fpu/crtbegin.o
 *(SORT_BY_NAME(.fini_array.*))
                0x00120c6c                        PROVIDE (__fini_array_end = .)

.ctors
 *crtbegin.o(.ctors)
 *(EXCLUDE_FILE(*crtend.o) .ctors)
 *(SORT_BY_NAME(.ctors.*))
 *(.ctors)

.dtors
 *crtbegin.o(.dtors)
 *(EXCLUDE_FILE(*crtend.o) .dtors)
 *(SORT_BY_NAME(.dtors.*))
 *(.dtors)
                0x00120c6c                        __bss_start__ = .

.bss            0x00120c6c     0x2fa0
 *(.dynbss)
 *(.bss)
 .bss           0x00120c6c        0x8 main.o
 *(.bss.*)
 .bss.completed.1
                0x00120c74        0x1 /opt/devkitpro/devkitARM/bin/../lib/gcc/arm-none-eabi/13.2.0/armv6k/fpu/crtbegin.o
 *fill*         0x00120c75        0x3 
 .bss.object.0  0x00120c78       0x18 /opt/devkitpro/devkitARM/bin/../lib/gcc/arm-none-eabi/13.2.0/armv6k/fpu/crtbegin.o
 .bss.escapeSeq
                0x00120c90       0x1c /opt/devkitpro//libctru/lib/libctru.a(console.o)
 .bss.currentCopy
                0x00120cac       0x48 /opt/devkitpro//libctru/lib/libctru.a(console.o)
                0x00120cac                currentCopy
 .bss.screenAlloc
                0x00120cf4        0x4 /opt/devkitpro//libctru/lib/libctru.a(gfx.o)
 .bss.screenFree
                0x00120cf8        0x4 /opt/devkitpro//libctru/lib/libctru.a(gfx.o)
 .bss.gfxIsDoubleBuf
                0x00120cfc        0x2 /opt/devkitpro//libctru/lib/libctru.a(gfx.o)
 *fill*         0x00120cfe        0x2 
 .bss.gfxCurBuf
                0x00120d00        0x2 /opt/devkitpro//libctru/lib/libctru.a(gfx.o)
 .bss.gfxIsVram
                0x00120d02        0x1 /opt/devkitpro//libctru/lib/libctru.a(gfx.o)
 .bss.gfxTopMode
                0x00120d03        0x1 /opt/devkitpro//libctru/lib/libctru.a(gfx.o)
 .bss.gfxFramebufferFormats
                0x00120d04        0x2 /opt/devkitpro//libctru/lib/libctru.a(gfx.o)
 *fill*         0x00120d06        0x2 
 .bss.gfxBottomFramebufferMaxSize
                0x00120d08        0x4 /opt/devkitpro//libctru/lib/libctru.a(gfx.o)
 .bss.gfxTopFramebufferMaxSize
                0x00120d0c        0x4 /opt/devkitpro//libctru/lib/libctru.a(gfx.o)
 .bss.gfxBottomFramebuffers
                0x00120d10        0x8 /opt/devkitpro//libctru/lib/libctru.a(gfx.o)
 .bss.gfxTopFramebuffers
                0x00120d18        0x8 /opt/devkitpro//libctru/lib/libctru.a(gfx.o)
 .bss.flagValue.0
                0x00120d20        0x1 /opt/devkitpro//libctru/lib/libctru.a(apt.o)
 .bss.flagInit.1
                0x00120d21        0x1 /opt/devkitpro//libctru/lib/libctru.a(apt.o)
 *fill*         0x00120d22        0x2 
 .bss.serviceName.6
                0x00120d24        0x4 /opt/devkitpro//libctru/lib/libctru.a(apt.o)
 .bss.aptChainloadFlags
                0x00120d28        0x1 /opt/devkitpro//libctru/lib/libctru.a(apt.o)
 .bss.aptChainloadMediatype
                0x00120d29        0x1 /opt/devkitpro//libctru/lib/libctru.a(apt.o)
 *fill*         0x00120d2a        0x2 
 .bss.aptChainloadHmac
                0x00120d2c       0x20 /opt/devkitpro//libctru/lib/libctru.a(apt.o)
 .bss.aptChainloadDeliverArg
                0x00120d4c      0x300 /opt/devkitpro//libctru/lib/libctru.a(apt.o)
 *fill*         0x0012104c        0x4 
 .bss.aptChainloadTid
                0x00121050        0x8 /opt/devkitpro//libctru/lib/libctru.a(apt.o)
 .bss.aptParameters
                0x00121058     0x1000 /opt/devkitpro//libctru/lib/libctru.a(apt.o)
 .bss.aptFlags  0x00122058        0x4 /opt/devkitpro//libctru/lib/libctru.a(apt.o)
 .bss.aptHomeButtonState
                0x0012205c        0x1 /opt/devkitpro//libctru/lib/libctru.a(apt.o)
 *fill*         0x0012205d        0x3 
 .bss.aptMessageFuncData
                0x00122060        0x4 /opt/devkitpro//libctru/lib/libctru.a(apt.o)
 .bss.aptMessageFunc
                0x00122064        0x4 /opt/devkitpro//libctru/lib/libctru.a(apt.o)
 .bss.aptFirstHook
                0x00122068        0xc /opt/devkitpro//libctru/lib/libctru.a(apt.o)
 .bss.aptEventHandlerThreadQuit
                0x00122074        0x1 /opt/devkitpro//libctru/lib/libctru.a(apt.o)
 *fill*         0x00122075        0x3 
 .bss.aptEventHandlerThread
                0x00122078        0x4 /opt/devkitpro//libctru/lib/libctru.a(apt.o)
 .bss.aptSleepEvent
                0x0012207c        0x8 /opt/devkitpro//libctru/lib/libctru.a(apt.o)
 .bss.aptReceiveEvent
                0x00122084        0x8 /opt/devkitpro//libctru/lib/libctru.a(apt.o)
 .bss.aptEvents
                0x0012208c        0x8 /opt/devkitpro//libctru/lib/libctru.a(apt.o)
 .bss.aptLockHandle
                0x00122094        0x4 /opt/devkitpro//libctru/lib/libctru.a(apt.o)
 .bss.aptRefCount
                0x00122098        0x4 /opt/devkitpro//libctru/lib/libctru.a(apt.o)
 .bss.gspEventCbOneShot
                0x0012209c        0x7 /opt/devkitpro//libctru/lib/libctru.a(gspgpu.o)
 *fill*         0x001220a3        0x1 
 .bss.gspEventCbData
                0x001220a4       0x1c /opt/devkitpro//libctru/lib/libctru.a(gspgpu.o)
 .bss.gspEventCb
                0x001220c0       0x1c /opt/devkitpro//libctru/lib/libctru.a(gspgpu.o)
 .bss.gspEvents
                0x001220dc       0x38 /opt/devkitpro//libctru/lib/libctru.a(gspgpu.o)
 .bss.gspLastEvent
                0x00122114        0x4 /opt/devkitpro//libctru/lib/libctru.a(gspgpu.o)
 .bss.gspRunEvents
                0x00122118        0x1 /opt/devkitpro//libctru/lib/libctru.a(gspgpu.o)
 *fill*         0x00122119        0x3 
 .bss.gspEventThread
                0x0012211c        0x4 /opt/devkitpro//libctru/lib/libctru.a(gspgpu.o)
 .bss.gspEvent  0x00122120        0x4 /opt/devkitpro//libctru/lib/libctru.a(gspgpu.o)
 .bss.gspGpuRight
                0x00122124        0x1 /opt/devkitpro//libctru/lib/libctru.a(gspgpu.o)
 .bss.gspThreadId
                0x00122125        0x1 /opt/devkitpro//libctru/lib/libctru.a(gspgpu.o)
 *fill*         0x00122126        0x2 